22:24:34 **** Incremental Build of configuration Debug for project ElectricGoKart ****
make pre-build main-build 
a9-linaro-pre-build-step
 
Building file: ../src/HAL/axiinterface.c
Invoking: ARM v7 gcc compiler
arm-none-eabi-gcc -Wall -O0 -g3 -I/home/sebastian/Desktop/Git/SDU/ElectricGoKart/Software/ElectricGoKart/ElectricGoKart.sdk/ElectricGoKart/src/HAL -c -fmessage-length=0 -MT"src/HAL/axiinterface.o" -mcpu=cortex-a9 -mfpu=vfpv3 -mfloat-abi=hard -I../../ElectricGoKart_bsp/ps7_cortexa9_0/include -MMD -MP -MF"src/HAL/axiinterface.d" -MT"src/HAL/axiinterface.o" -o "src/HAL/axiinterface.o" "../src/HAL/axiinterface.c"
Finished building: ../src/HAL/axiinterface.c
 
Building file: ../src/HAL/gpios.c
Invoking: ARM v7 gcc compiler
arm-none-eabi-gcc -Wall -O0 -g3 -I/home/sebastian/Desktop/Git/SDU/ElectricGoKart/Software/ElectricGoKart/ElectricGoKart.sdk/ElectricGoKart/src/HAL -c -fmessage-length=0 -MT"src/HAL/gpios.o" -mcpu=cortex-a9 -mfpu=vfpv3 -mfloat-abi=hard -I../../ElectricGoKart_bsp/ps7_cortexa9_0/include -MMD -MP -MF"src/HAL/gpios.d" -MT"src/HAL/gpios.o" -o "src/HAL/gpios.o" "../src/HAL/gpios.c"
Finished building: ../src/HAL/gpios.c
 
Building file: ../src/HAL/uart.c
Invoking: ARM v7 gcc compiler
arm-none-eabi-gcc -Wall -O0 -g3 -I/home/sebastian/Desktop/Git/SDU/ElectricGoKart/Software/ElectricGoKart/ElectricGoKart.sdk/ElectricGoKart/src/HAL -c -fmessage-length=0 -MT"src/HAL/uart.o" -mcpu=cortex-a9 -mfpu=vfpv3 -mfloat-abi=hard -I../../ElectricGoKart_bsp/ps7_cortexa9_0/include -MMD -MP -MF"src/HAL/uart.d" -MT"src/HAL/uart.o" -o "src/HAL/uart.o" "../src/HAL/uart.c"
Finished building: ../src/HAL/uart.c
 
Building file: ../src/HAL/xadc.c
Invoking: ARM v7 gcc compiler
arm-none-eabi-gcc -Wall -O0 -g3 -I/home/sebastian/Desktop/Git/SDU/ElectricGoKart/Software/ElectricGoKart/ElectricGoKart.sdk/ElectricGoKart/src/HAL -c -fmessage-length=0 -MT"src/HAL/xadc.o" -mcpu=cortex-a9 -mfpu=vfpv3 -mfloat-abi=hard -I../../ElectricGoKart_bsp/ps7_cortexa9_0/include -MMD -MP -MF"src/HAL/xadc.d" -MT"src/HAL/xadc.o" -o "src/HAL/xadc.o" "../src/HAL/xadc.c"
Finished building: ../src/HAL/xadc.c
 
Building file: ../src/clarke_park.c
Invoking: ARM v7 gcc compiler
arm-none-eabi-gcc -Wall -O0 -g3 -I/home/sebastian/Desktop/Git/SDU/ElectricGoKart/Software/ElectricGoKart/ElectricGoKart.sdk/ElectricGoKart/src/HAL -c -fmessage-length=0 -MT"src/clarke_park.o" -mcpu=cortex-a9 -mfpu=vfpv3 -mfloat-abi=hard -I../../ElectricGoKart_bsp/ps7_cortexa9_0/include -MMD -MP -MF"src/clarke_park.d" -MT"src/clarke_park.o" -o "src/clarke_park.o" "../src/clarke_park.c"
Finished building: ../src/clarke_park.c
 
Building file: ../src/main.c
Invoking: ARM v7 gcc compiler
arm-none-eabi-gcc -Wall -O0 -g3 -I/home/sebastian/Desktop/Git/SDU/ElectricGoKart/Software/ElectricGoKart/ElectricGoKart.sdk/ElectricGoKart/src/HAL -c -fmessage-length=0 -MT"src/main.o" -mcpu=cortex-a9 -mfpu=vfpv3 -mfloat-abi=hard -I../../ElectricGoKart_bsp/ps7_cortexa9_0/include -MMD -MP -MF"src/main.d" -MT"src/main.o" -o "src/main.o" "../src/main.c"
Finished building: ../src/main.c
 
Building file: ../src/pi_controller.c
Invoking: ARM v7 gcc compiler
arm-none-eabi-gcc -Wall -O0 -g3 -I/home/sebastian/Desktop/Git/SDU/ElectricGoKart/Software/ElectricGoKart/ElectricGoKart.sdk/ElectricGoKart/src/HAL -c -fmessage-length=0 -MT"src/pi_controller.o" -mcpu=cortex-a9 -mfpu=vfpv3 -mfloat-abi=hard -I../../ElectricGoKart_bsp/ps7_cortexa9_0/include -MMD -MP -MF"src/pi_controller.d" -MT"src/pi_controller.o" -o "src/pi_controller.o" "../src/pi_controller.c"
Finished building: ../src/pi_controller.c
 
Building file: ../src/platform.c
Invoking: ARM v7 gcc compiler
arm-none-eabi-gcc -Wall -O0 -g3 -I/home/sebastian/Desktop/Git/SDU/ElectricGoKart/Software/ElectricGoKart/ElectricGoKart.sdk/ElectricGoKart/src/HAL -c -fmessage-length=0 -MT"src/platform.o" -mcpu=cortex-a9 -mfpu=vfpv3 -mfloat-abi=hard -I../../ElectricGoKart_bsp/ps7_cortexa9_0/include -MMD -MP -MF"src/platform.d" -MT"src/platform.o" -o "src/platform.o" "../src/platform.c"
Finished building: ../src/platform.c
 
Building file: ../src/svpwm.c
Invoking: ARM v7 gcc compiler
arm-none-eabi-gcc -Wall -O0 -g3 -I/home/sebastian/Desktop/Git/SDU/ElectricGoKart/Software/ElectricGoKart/ElectricGoKart.sdk/ElectricGoKart/src/HAL -c -fmessage-length=0 -MT"src/svpwm.o" -mcpu=cortex-a9 -mfpu=vfpv3 -mfloat-abi=hard -I../../ElectricGoKart_bsp/ps7_cortexa9_0/include -MMD -MP -MF"src/svpwm.d" -MT"src/svpwm.o" -o "src/svpwm.o" "../src/svpwm.c"
Finished building: ../src/svpwm.c
 
Building file: ../src/tasks.c
Invoking: ARM v7 gcc compiler
arm-none-eabi-gcc -Wall -O0 -g3 -I/home/sebastian/Desktop/Git/SDU/ElectricGoKart/Software/ElectricGoKart/ElectricGoKart.sdk/ElectricGoKart/src/HAL -c -fmessage-length=0 -MT"src/tasks.o" -mcpu=cortex-a9 -mfpu=vfpv3 -mfloat-abi=hard -I../../ElectricGoKart_bsp/ps7_cortexa9_0/include -MMD -MP -MF"src/tasks.d" -MT"src/tasks.o" -o "src/tasks.o" "../src/tasks.c"
Finished building: ../src/tasks.c
 
Building target: ElectricGoKart.elf
Invoking: ARM v7 gcc linker
arm-none-eabi-gcc -mcpu=cortex-a9 -mfpu=vfpv3 -mfloat-abi=hard -Wl,-build-id=none -specs=Xilinx.spec -Wl,-T -Wl,../src/lscript.ld -L../../ElectricGoKart_bsp/ps7_cortexa9_0/lib -o "ElectricGoKart.elf"  ./src/HAL/axiinterface.o ./src/HAL/gpios.o ./src/HAL/uart.o ./src/HAL/xadc.o  ./src/clarke_park.o ./src/main.o ./src/pi_controller.o ./src/platform.o ./src/svpwm.o ./src/tasks.o   -Wl,--start-group,-lxil,-lgcc,-lc,--end-group
Finished building target: ElectricGoKart.elf
 
Invoking: ARM v7 Print Size
arm-none-eabi-size ElectricGoKart.elf  |tee "ElectricGoKart.elf.size"
   text	   data	    bss	    dec	    hex	filename
  52340	   2080	  23320	  77740	  12fac	ElectricGoKart.elf
Finished building: ElectricGoKart.elf.size
 

22:24:37 Build Finished (took 3s.19ms)

