14:45:03 **** Build of project ElectricGoKart_bsp ****
make -k all 
Running Make include in ps7_cortexa9_0/libsrc/ddrps_v1_0/src
make -C ps7_cortexa9_0/libsrc/ddrps_v1_0/src -s include  "SHELL=/bin/sh" "COMPILER=arm-none-eabi-gcc" "ARCHIVER=arm-none-eabi-ar" "COMPILER_FLAGS=  -O2 -c" "EXTRA_COMPILER_FLAGS=-mcpu=cortex-a9 -mfpu=vfpv3 -mfloat-abi=hard -nostartfiles -g -Wall -Wextra"
Running Make include in ps7_cortexa9_0/libsrc/standalone_v6_8/src
make -C ps7_cortexa9_0/libsrc/standalone_v6_8/src -s include  "SHELL=/bin/sh" "COMPILER=arm-none-eabi-gcc" "ARCHIVER=arm-none-eabi-ar" "COMPILER_FLAGS=  -O2 -c" "EXTRA_COMPILER_FLAGS=-mcpu=cortex-a9 -mfpu=vfpv3 -mfloat-abi=hard -nostartfiles -g -Wall -Wextra"
Running Make include in ps7_cortexa9_0/libsrc/dmaps_v2_4/src
make -C ps7_cortexa9_0/libsrc/dmaps_v2_4/src -s include  "SHELL=/bin/sh" "COMPILER=arm-none-eabi-gcc" "ARCHIVER=arm-none-eabi-ar" "COMPILER_FLAGS=  -O2 -c" "EXTRA_COMPILER_FLAGS=-mcpu=cortex-a9 -mfpu=vfpv3 -mfloat-abi=hard -nostartfiles -g -Wall -Wextra"
Running Make include in ps7_cortexa9_0/libsrc/cpu_cortexa9_v2_7/src
make -C ps7_cortexa9_0/libsrc/cpu_cortexa9_v2_7/src -s include  "SHELL=/bin/sh" "COMPILER=arm-none-eabi-gcc" "ARCHIVER=arm-none-eabi-ar" "COMPILER_FLAGS=  -O2 -c" "EXTRA_COMPILER_FLAGS=-mcpu=cortex-a9 -mfpu=vfpv3 -mfloat-abi=hard -nostartfiles -g -Wall -Wextra"
Running Make include in ps7_cortexa9_0/libsrc/gpiops_v3_4/src
make -C ps7_cortexa9_0/libsrc/gpiops_v3_4/src -s include  "SHELL=/bin/sh" "COMPILER=arm-none-eabi-gcc" "ARCHIVER=arm-none-eabi-ar" "COMPILER_FLAGS=  -O2 -c" "EXTRA_COMPILER_FLAGS=-mcpu=cortex-a9 -mfpu=vfpv3 -mfloat-abi=hard -nostartfiles -g -Wall -Wextra"
Running Make include in ps7_cortexa9_0/libsrc/scugic_v3_10/src
make -C ps7_cortexa9_0/libsrc/scugic_v3_10/src -s include  "SHELL=/bin/sh" "COMPILER=arm-none-eabi-gcc" "ARCHIVER=arm-none-eabi-ar" "COMPILER_FLAGS=  -O2 -c" "EXTRA_COMPILER_FLAGS=-mcpu=cortex-a9 -mfpu=vfpv3 -mfloat-abi=hard -nostartfiles -g -Wall -Wextra"
Running Make include in ps7_cortexa9_0/libsrc/xadcps_v2_3/src
make -C ps7_cortexa9_0/libsrc/xadcps_v2_3/src -s include  "SHELL=/bin/sh" "COMPILER=arm-none-eabi-gcc" "ARCHIVER=arm-none-eabi-ar" "COMPILER_FLAGS=  -O2 -c" "EXTRA_COMPILER_FLAGS=-mcpu=cortex-a9 -mfpu=vfpv3 -mfloat-abi=hard -nostartfiles -g -Wall -Wextra"
Running Make include in ps7_cortexa9_0/libsrc/Encoder_Driver_v1_0/src
make -C ps7_cortexa9_0/libsrc/Encoder_Driver_v1_0/src -s include  "SHELL=/bin/sh" "COMPILER=arm-none-eabi-gcc" "ARCHIVER=arm-none-eabi-ar" "COMPILER_FLAGS=  -O2 -c" "EXTRA_COMPILER_FLAGS=-mcpu=cortex-a9 -mfpu=vfpv3 -mfloat-abi=hard -nostartfiles -g -Wall -Wextra"
Running Make include in ps7_cortexa9_0/libsrc/devcfg_v3_5/src
make -C ps7_cortexa9_0/libsrc/devcfg_v3_5/src -s include  "SHELL=/bin/sh" "COMPILER=arm-none-eabi-gcc" "ARCHIVER=arm-none-eabi-ar" "COMPILER_FLAGS=  -O2 -c" "EXTRA_COMPILER_FLAGS=-mcpu=cortex-a9 -mfpu=vfpv3 -mfloat-abi=hard -nostartfiles -g -Wall -Wextra"
Running Make include in ps7_cortexa9_0/libsrc/gpio_v4_3/src
make -C ps7_cortexa9_0/libsrc/gpio_v4_3/src -s include  "SHELL=/bin/sh" "COMPILER=arm-none-eabi-gcc" "ARCHIVER=arm-none-eabi-ar" "COMPILER_FLAGS=  -O2 -c" "EXTRA_COMPILER_FLAGS=-mcpu=cortex-a9 -mfpu=vfpv3 -mfloat-abi=hard -nostartfiles -g -Wall -Wextra"
Running Make include in ps7_cortexa9_0/libsrc/scuwdt_v2_1/src
make -C ps7_cortexa9_0/libsrc/scuwdt_v2_1/src -s include  "SHELL=/bin/sh" "COMPILER=arm-none-eabi-gcc" "ARCHIVER=arm-none-eabi-ar" "COMPILER_FLAGS=  -O2 -c" "EXTRA_COMPILER_FLAGS=-mcpu=cortex-a9 -mfpu=vfpv3 -mfloat-abi=hard -nostartfiles -g -Wall -Wextra"
Running Make include in ps7_cortexa9_0/libsrc/uartps_v3_7/src
make -C ps7_cortexa9_0/libsrc/uartps_v3_7/src -s include  "SHELL=/bin/sh" "COMPILER=arm-none-eabi-gcc" "ARCHIVER=arm-none-eabi-ar" "COMPILER_FLAGS=  -O2 -c" "EXTRA_COMPILER_FLAGS=-mcpu=cortex-a9 -mfpu=vfpv3 -mfloat-abi=hard -nostartfiles -g -Wall -Wextra"
Running Make include in ps7_cortexa9_0/libsrc/PWM_Generator_v1_0/src
make -C ps7_cortexa9_0/libsrc/PWM_Generator_v1_0/src -s include  "SHELL=/bin/sh" "COMPILER=arm-none-eabi-gcc" "ARCHIVER=arm-none-eabi-ar" "COMPILER_FLAGS=  -O2 -c" "EXTRA_COMPILER_FLAGS=-mcpu=cortex-a9 -mfpu=vfpv3 -mfloat-abi=hard -nostartfiles -g -Wall -Wextra"
Running Make include in ps7_cortexa9_0/libsrc/sysmon_v7_5/src
make -C ps7_cortexa9_0/libsrc/sysmon_v7_5/src -s include  "SHELL=/bin/sh" "COMPILER=arm-none-eabi-gcc" "ARCHIVER=arm-none-eabi-ar" "COMPILER_FLAGS=  -O2 -c" "EXTRA_COMPILER_FLAGS=-mcpu=cortex-a9 -mfpu=vfpv3 -mfloat-abi=hard -nostartfiles -g -Wall -Wextra"
Running Make include in ps7_cortexa9_0/libsrc/coresightps_dcc_v1_4/src
make -C ps7_cortexa9_0/libsrc/coresightps_dcc_v1_4/src -s include  "SHELL=/bin/sh" "COMPILER=arm-none-eabi-gcc" "ARCHIVER=arm-none-eabi-ar" "COMPILER_FLAGS=  -O2 -c" "EXTRA_COMPILER_FLAGS=-mcpu=cortex-a9 -mfpu=vfpv3 -mfloat-abi=hard -nostartfiles -g -Wall -Wextra"
Running Make include in ps7_cortexa9_0/libsrc/scutimer_v2_1/src
make -C ps7_cortexa9_0/libsrc/scutimer_v2_1/src -s include  "SHELL=/bin/sh" "COMPILER=arm-none-eabi-gcc" "ARCHIVER=arm-none-eabi-ar" "COMPILER_FLAGS=  -O2 -c" "EXTRA_COMPILER_FLAGS=-mcpu=cortex-a9 -mfpu=vfpv3 -mfloat-abi=hard -nostartfiles -g -Wall -Wextra"
Running Make libs in ps7_cortexa9_0/libsrc/ddrps_v1_0/src
make -C ps7_cortexa9_0/libsrc/ddrps_v1_0/src -s libs  "SHELL=/bin/sh" "COMPILER=arm-none-eabi-gcc" "ARCHIVER=arm-none-eabi-ar" "COMPILER_FLAGS=  -O2 -c" "EXTRA_COMPILER_FLAGS=-mcpu=cortex-a9 -mfpu=vfpv3 -mfloat-abi=hard -nostartfiles -g -Wall -Wextra"
Compiling ddrps
arm-none-eabi-ar: creating ../../../lib/libxil.a
Running Make libs in ps7_cortexa9_0/libsrc/standalone_v6_8/src
make -C ps7_cortexa9_0/libsrc/standalone_v6_8/src -s libs  "SHELL=/bin/sh" "COMPILER=arm-none-eabi-gcc" "ARCHIVER=arm-none-eabi-ar" "COMPILER_FLAGS=  -O2 -c" "EXTRA_COMPILER_FLAGS=-mcpu=cortex-a9 -mfpu=vfpv3 -mfloat-abi=hard -nostartfiles -g -Wall -Wextra"
Compiling standalone
In file included from xtime_l.c:49:0:
xtime_l.h:87:9: note: #pragma message: For the sleep routines, Global timer is being used
 #pragma message ("For the sleep routines, Global timer is being used")
         ^~~~~~~
In file included from sleep.c:53:0:
xtime_l.h:87:9: note: #pragma message: For the sleep routines, Global timer is being used
 #pragma message ("For the sleep routines, Global timer is being used")
         ^~~~~~~
In file included from usleep.c:56:0:
xtime_l.h:87:9: note: #pragma message: For the sleep routines, Global timer is being used
 #pragma message ("For the sleep routines, Global timer is being used")
         ^~~~~~~
In file included from xil_sleeptimer.c:51:0:
xtime_l.h:87:9: note: #pragma message: For the sleep routines, Global timer is being used
 #pragma message ("For the sleep routines, Global timer is being used")
         ^~~~~~~
Running Make libs in ps7_cortexa9_0/libsrc/dmaps_v2_4/src
make -C ps7_cortexa9_0/libsrc/dmaps_v2_4/src -s libs  "SHELL=/bin/sh" "COMPILER=arm-none-eabi-gcc" "ARCHIVER=arm-none-eabi-ar" "COMPILER_FLAGS=  -O2 -c" "EXTRA_COMPILER_FLAGS=-mcpu=cortex-a9 -mfpu=vfpv3 -mfloat-abi=hard -nostartfiles -g -Wall -Wextra"
Compiling dmaps
Running Make libs in ps7_cortexa9_0/libsrc/cpu_cortexa9_v2_7/src
make -C ps7_cortexa9_0/libsrc/cpu_cortexa9_v2_7/src -s libs  "SHELL=/bin/sh" "COMPILER=arm-none-eabi-gcc" "ARCHIVER=arm-none-eabi-ar" "COMPILER_FLAGS=  -O2 -c" "EXTRA_COMPILER_FLAGS=-mcpu=cortex-a9 -mfpu=vfpv3 -mfloat-abi=hard -nostartfiles -g -Wall -Wextra"
Compiling cpu_cortexa9
Running Make libs in ps7_cortexa9_0/libsrc/gpiops_v3_4/src
make -C ps7_cortexa9_0/libsrc/gpiops_v3_4/src -s libs  "SHELL=/bin/sh" "COMPILER=arm-none-eabi-gcc" "ARCHIVER=arm-none-eabi-ar" "COMPILER_FLAGS=  -O2 -c" "EXTRA_COMPILER_FLAGS=-mcpu=cortex-a9 -mfpu=vfpv3 -mfloat-abi=hard -nostartfiles -g -Wall -Wextra"
Compiling gpiops
Running Make libs in ps7_cortexa9_0/libsrc/scugic_v3_10/src
make -C ps7_cortexa9_0/libsrc/scugic_v3_10/src -s libs  "SHELL=/bin/sh" "COMPILER=arm-none-eabi-gcc" "ARCHIVER=arm-none-eabi-ar" "COMPILER_FLAGS=  -O2 -c" "EXTRA_COMPILER_FLAGS=-mcpu=cortex-a9 -mfpu=vfpv3 -mfloat-abi=hard -nostartfiles -g -Wall -Wextra"
Compiling scugic
Running Make libs in ps7_cortexa9_0/libsrc/xadcps_v2_3/src
make -C ps7_cortexa9_0/libsrc/xadcps_v2_3/src -s libs  "SHELL=/bin/sh" "COMPILER=arm-none-eabi-gcc" "ARCHIVER=arm-none-eabi-ar" "COMPILER_FLAGS=  -O2 -c" "EXTRA_COMPILER_FLAGS=-mcpu=cortex-a9 -mfpu=vfpv3 -mfloat-abi=hard -nostartfiles -g -Wall -Wextra"
Compiling xadcps
Running Make libs in ps7_cortexa9_0/libsrc/Encoder_Driver_v1_0/src
make -C ps7_cortexa9_0/libsrc/Encoder_Driver_v1_0/src -s libs  "SHELL=/bin/sh" "COMPILER=arm-none-eabi-gcc" "ARCHIVER=arm-none-eabi-ar" "COMPILER_FLAGS=  -O2 -c" "EXTRA_COMPILER_FLAGS=-mcpu=cortex-a9 -mfpu=vfpv3 -mfloat-abi=hard -nostartfiles -g -Wall -Wextra"
Compiling Encoder_Driver...
Encoder_Driver_selftest.c: In function 'ENCODER_DRIVER_Reg_SelfTest':
Encoder_Driver_selftest.c:52:63: warning: comparison between signed and unsigned integer expressions [-Wsign-compare]
    if ( ENCODER_DRIVER_mReadReg (baseaddr, read_loop_index*4) != (read_loop_index+1)*READ_WRITE_MUL_FACTOR){
                                                               ^~
Encoder_Driver_selftest.c:36:6: warning: unused variable 'Index' [-Wunused-variable]
  int Index;
      ^~~~~
Running Make libs in ps7_cortexa9_0/libsrc/devcfg_v3_5/src
make -C ps7_cortexa9_0/libsrc/devcfg_v3_5/src -s libs  "SHELL=/bin/sh" "COMPILER=arm-none-eabi-gcc" "ARCHIVER=arm-none-eabi-ar" "COMPILER_FLAGS=  -O2 -c" "EXTRA_COMPILER_FLAGS=-mcpu=cortex-a9 -mfpu=vfpv3 -mfloat-abi=hard -nostartfiles -g -Wall -Wextra"
Compiling devcfg
Running Make libs in ps7_cortexa9_0/libsrc/gpio_v4_3/src
make -C ps7_cortexa9_0/libsrc/gpio_v4_3/src -s libs  "SHELL=/bin/sh" "COMPILER=arm-none-eabi-gcc" "ARCHIVER=arm-none-eabi-ar" "COMPILER_FLAGS=  -O2 -c" "EXTRA_COMPILER_FLAGS=-mcpu=cortex-a9 -mfpu=vfpv3 -mfloat-abi=hard -nostartfiles -g -Wall -Wextra"
Compiling gpio
Running Make libs in ps7_cortexa9_0/libsrc/scuwdt_v2_1/src
make -C ps7_cortexa9_0/libsrc/scuwdt_v2_1/src -s libs  "SHELL=/bin/sh" "COMPILER=arm-none-eabi-gcc" "ARCHIVER=arm-none-eabi-ar" "COMPILER_FLAGS=  -O2 -c" "EXTRA_COMPILER_FLAGS=-mcpu=cortex-a9 -mfpu=vfpv3 -mfloat-abi=hard -nostartfiles -g -Wall -Wextra"
Compiling scuwdt
Running Make libs in ps7_cortexa9_0/libsrc/uartps_v3_7/src
make -C ps7_cortexa9_0/libsrc/uartps_v3_7/src -s libs  "SHELL=/bin/sh" "COMPILER=arm-none-eabi-gcc" "ARCHIVER=arm-none-eabi-ar" "COMPILER_FLAGS=  -O2 -c" "EXTRA_COMPILER_FLAGS=-mcpu=cortex-a9 -mfpu=vfpv3 -mfloat-abi=hard -nostartfiles -g -Wall -Wextra"
Compiling uartps
Running Make libs in ps7_cortexa9_0/libsrc/PWM_Generator_v1_0/src
make -C ps7_cortexa9_0/libsrc/PWM_Generator_v1_0/src -s libs  "SHELL=/bin/sh" "COMPILER=arm-none-eabi-gcc" "ARCHIVER=arm-none-eabi-ar" "COMPILER_FLAGS=  -O2 -c" "EXTRA_COMPILER_FLAGS=-mcpu=cortex-a9 -mfpu=vfpv3 -mfloat-abi=hard -nostartfiles -g -Wall -Wextra"
Compiling PWM_Generator...
PWM_Generator_selftest.c: In function 'PWM_GENERATOR_Reg_SelfTest':
PWM_Generator_selftest.c:52:62: warning: comparison between signed and unsigned integer expressions [-Wsign-compare]
    if ( PWM_GENERATOR_mReadReg (baseaddr, read_loop_index*4) != (read_loop_index+1)*READ_WRITE_MUL_FACTOR){
                                                              ^~
PWM_Generator_selftest.c:36:6: warning: unused variable 'Index' [-Wunused-variable]
  int Index;
      ^~~~~
Running Make libs in ps7_cortexa9_0/libsrc/sysmon_v7_5/src
make -C ps7_cortexa9_0/libsrc/sysmon_v7_5/src -s libs  "SHELL=/bin/sh" "COMPILER=arm-none-eabi-gcc" "ARCHIVER=arm-none-eabi-ar" "COMPILER_FLAGS=  -O2 -c" "EXTRA_COMPILER_FLAGS=-mcpu=cortex-a9 -mfpu=vfpv3 -mfloat-abi=hard -nostartfiles -g -Wall -Wextra"
Compiling sysmon
Running Make libs in ps7_cortexa9_0/libsrc/coresightps_dcc_v1_4/src
make -C ps7_cortexa9_0/libsrc/coresightps_dcc_v1_4/src -s libs  "SHELL=/bin/sh" "COMPILER=arm-none-eabi-gcc" "ARCHIVER=arm-none-eabi-ar" "COMPILER_FLAGS=  -O2 -c" "EXTRA_COMPILER_FLAGS=-mcpu=cortex-a9 -mfpu=vfpv3 -mfloat-abi=hard -nostartfiles -g -Wall -Wextra"
Compiling coresightps_dcc
Running Make libs in ps7_cortexa9_0/libsrc/scutimer_v2_1/src
make -C ps7_cortexa9_0/libsrc/scutimer_v2_1/src -s libs  "SHELL=/bin/sh" "COMPILER=arm-none-eabi-gcc" "ARCHIVER=arm-none-eabi-ar" "COMPILER_FLAGS=  -O2 -c" "EXTRA_COMPILER_FLAGS=-mcpu=cortex-a9 -mfpu=vfpv3 -mfloat-abi=hard -nostartfiles -g -Wall -Wextra"
Compiling scutimer
Finished building libraries
14:45:12 **** Build of configuration Debug for project ElectricGoKart ****
make pre-build main-build 
a9-linaro-pre-build-step
 
Building file: ../src/helloworld.c
Invoking: ARM v7 gcc compiler
arm-none-eabi-gcc -Wall -O0 -g3 -c -fmessage-length=0 -MT"src/helloworld.o" -mcpu=cortex-a9 -mfpu=vfpv3 -mfloat-abi=hard -I../../ElectricGoKart_bsp/ps7_cortexa9_0/include -MMD -MP -MF"src/helloworld.d" -MT"src/helloworld.o" -o "src/helloworld.o" "../src/helloworld.c"
Finished building: ../src/helloworld.c
 
Building file: ../src/platform.c
Invoking: ARM v7 gcc compiler
arm-none-eabi-gcc -Wall -O0 -g3 -c -fmessage-length=0 -MT"src/platform.o" -mcpu=cortex-a9 -mfpu=vfpv3 -mfloat-abi=hard -I../../ElectricGoKart_bsp/ps7_cortexa9_0/include -MMD -MP -MF"src/platform.d" -MT"src/platform.o" -o "src/platform.o" "../src/platform.c"
Finished building: ../src/platform.c
 
Building target: ElectricGoKart.elf
Invoking: ARM v7 gcc linker
arm-none-eabi-gcc -mcpu=cortex-a9 -mfpu=vfpv3 -mfloat-abi=hard -Wl,-build-id=none -specs=Xilinx.spec -Wl,-T -Wl,../src/lscript.ld -L../../ElectricGoKart_bsp/ps7_cortexa9_0/lib -o "ElectricGoKart.elf"  ./src/helloworld.o ./src/platform.o   -Wl,--start-group,-lxil,-lgcc,-lc,--end-group
Finished building target: ElectricGoKart.elf
 
Invoking: ARM v7 Print Size
arm-none-eabi-size ElectricGoKart.elf  |tee "ElectricGoKart.elf.size"
   text	   data	    bss	    dec	    hex	filename
  19352	   1144	  22568	  43064	   a838	ElectricGoKart.elf
Finished building: ElectricGoKart.elf.size
 
14:45:14 **** Auto Build of configuration Debug for project ElectricGoKart ****
make pre-build main-build 
a9-linaro-pre-build-step
 
make: Nothing to be done for 'main-build'.
14:47:21 **** Auto Build of project ElectricGoKart_bsp ****
make -k all 
Running Make include in ps7_cortexa9_0/libsrc/ddrps_v1_0/src
make -C ps7_cortexa9_0/libsrc/ddrps_v1_0/src -s include  "SHELL=/bin/sh" "COMPILER=arm-none-eabi-gcc" "ARCHIVER=arm-none-eabi-ar" "COMPILER_FLAGS=  -O2 -c" "EXTRA_COMPILER_FLAGS=-mcpu=cortex-a9 -mfpu=vfpv3 -mfloat-abi=hard -nostartfiles -g -Wall -Wextra"
Running Make include in ps7_cortexa9_0/libsrc/standalone_v6_8/src
make -C ps7_cortexa9_0/libsrc/standalone_v6_8/src -s include  "SHELL=/bin/sh" "COMPILER=arm-none-eabi-gcc" "ARCHIVER=arm-none-eabi-ar" "COMPILER_FLAGS=  -O2 -c" "EXTRA_COMPILER_FLAGS=-mcpu=cortex-a9 -mfpu=vfpv3 -mfloat-abi=hard -nostartfiles -g -Wall -Wextra"
Running Make include in ps7_cortexa9_0/libsrc/dmaps_v2_4/src
make -C ps7_cortexa9_0/libsrc/dmaps_v2_4/src -s include  "SHELL=/bin/sh" "COMPILER=arm-none-eabi-gcc" "ARCHIVER=arm-none-eabi-ar" "COMPILER_FLAGS=  -O2 -c" "EXTRA_COMPILER_FLAGS=-mcpu=cortex-a9 -mfpu=vfpv3 -mfloat-abi=hard -nostartfiles -g -Wall -Wextra"
Running Make include in ps7_cortexa9_0/libsrc/cpu_cortexa9_v2_7/src
make -C ps7_cortexa9_0/libsrc/cpu_cortexa9_v2_7/src -s include  "SHELL=/bin/sh" "COMPILER=arm-none-eabi-gcc" "ARCHIVER=arm-none-eabi-ar" "COMPILER_FLAGS=  -O2 -c" "EXTRA_COMPILER_FLAGS=-mcpu=cortex-a9 -mfpu=vfpv3 -mfloat-abi=hard -nostartfiles -g -Wall -Wextra"
Running Make include in ps7_cortexa9_0/libsrc/gpiops_v3_4/src
make -C ps7_cortexa9_0/libsrc/gpiops_v3_4/src -s include  "SHELL=/bin/sh" "COMPILER=arm-none-eabi-gcc" "ARCHIVER=arm-none-eabi-ar" "COMPILER_FLAGS=  -O2 -c" "EXTRA_COMPILER_FLAGS=-mcpu=cortex-a9 -mfpu=vfpv3 -mfloat-abi=hard -nostartfiles -g -Wall -Wextra"
Running Make include in ps7_cortexa9_0/libsrc/scugic_v3_10/src
make -C ps7_cortexa9_0/libsrc/scugic_v3_10/src -s include  "SHELL=/bin/sh" "COMPILER=arm-none-eabi-gcc" "ARCHIVER=arm-none-eabi-ar" "COMPILER_FLAGS=  -O2 -c" "EXTRA_COMPILER_FLAGS=-mcpu=cortex-a9 -mfpu=vfpv3 -mfloat-abi=hard -nostartfiles -g -Wall -Wextra"
Running Make include in ps7_cortexa9_0/libsrc/xadcps_v2_3/src
make -C ps7_cortexa9_0/libsrc/xadcps_v2_3/src -s include  "SHELL=/bin/sh" "COMPILER=arm-none-eabi-gcc" "ARCHIVER=arm-none-eabi-ar" "COMPILER_FLAGS=  -O2 -c" "EXTRA_COMPILER_FLAGS=-mcpu=cortex-a9 -mfpu=vfpv3 -mfloat-abi=hard -nostartfiles -g -Wall -Wextra"
Running Make include in ps7_cortexa9_0/libsrc/Encoder_Driver_v1_0/src
make -C ps7_cortexa9_0/libsrc/Encoder_Driver_v1_0/src -s include  "SHELL=/bin/sh" "COMPILER=arm-none-eabi-gcc" "ARCHIVER=arm-none-eabi-ar" "COMPILER_FLAGS=  -O2 -c" "EXTRA_COMPILER_FLAGS=-mcpu=cortex-a9 -mfpu=vfpv3 -mfloat-abi=hard -nostartfiles -g -Wall -Wextra"
Running Make include in ps7_cortexa9_0/libsrc/devcfg_v3_5/src
make -C ps7_cortexa9_0/libsrc/devcfg_v3_5/src -s include  "SHELL=/bin/sh" "COMPILER=arm-none-eabi-gcc" "ARCHIVER=arm-none-eabi-ar" "COMPILER_FLAGS=  -O2 -c" "EXTRA_COMPILER_FLAGS=-mcpu=cortex-a9 -mfpu=vfpv3 -mfloat-abi=hard -nostartfiles -g -Wall -Wextra"
Running Make include in ps7_cortexa9_0/libsrc/gpio_v4_3/src
make -C ps7_cortexa9_0/libsrc/gpio_v4_3/src -s include  "SHELL=/bin/sh" "COMPILER=arm-none-eabi-gcc" "ARCHIVER=arm-none-eabi-ar" "COMPILER_FLAGS=  -O2 -c" "EXTRA_COMPILER_FLAGS=-mcpu=cortex-a9 -mfpu=vfpv3 -mfloat-abi=hard -nostartfiles -g -Wall -Wextra"
Running Make include in ps7_cortexa9_0/libsrc/scuwdt_v2_1/src
make -C ps7_cortexa9_0/libsrc/scuwdt_v2_1/src -s include  "SHELL=/bin/sh" "COMPILER=arm-none-eabi-gcc" "ARCHIVER=arm-none-eabi-ar" "COMPILER_FLAGS=  -O2 -c" "EXTRA_COMPILER_FLAGS=-mcpu=cortex-a9 -mfpu=vfpv3 -mfloat-abi=hard -nostartfiles -g -Wall -Wextra"
Running Make include in ps7_cortexa9_0/libsrc/uartps_v3_7/src
make -C ps7_cortexa9_0/libsrc/uartps_v3_7/src -s include  "SHELL=/bin/sh" "COMPILER=arm-none-eabi-gcc" "ARCHIVER=arm-none-eabi-ar" "COMPILER_FLAGS=  -O2 -c" "EXTRA_COMPILER_FLAGS=-mcpu=cortex-a9 -mfpu=vfpv3 -mfloat-abi=hard -nostartfiles -g -Wall -Wextra"
Running Make include in ps7_cortexa9_0/libsrc/PWM_Generator_v1_0/src
make -C ps7_cortexa9_0/libsrc/PWM_Generator_v1_0/src -s include  "SHELL=/bin/sh" "COMPILER=arm-none-eabi-gcc" "ARCHIVER=arm-none-eabi-ar" "COMPILER_FLAGS=  -O2 -c" "EXTRA_COMPILER_FLAGS=-mcpu=cortex-a9 -mfpu=vfpv3 -mfloat-abi=hard -nostartfiles -g -Wall -Wextra"
Running Make include in ps7_cortexa9_0/libsrc/sysmon_v7_5/src
make -C ps7_cortexa9_0/libsrc/sysmon_v7_5/src -s include  "SHELL=/bin/sh" "COMPILER=arm-none-eabi-gcc" "ARCHIVER=arm-none-eabi-ar" "COMPILER_FLAGS=  -O2 -c" "EXTRA_COMPILER_FLAGS=-mcpu=cortex-a9 -mfpu=vfpv3 -mfloat-abi=hard -nostartfiles -g -Wall -Wextra"
Running Make include in ps7_cortexa9_0/libsrc/coresightps_dcc_v1_4/src
make -C ps7_cortexa9_0/libsrc/coresightps_dcc_v1_4/src -s include  "SHELL=/bin/sh" "COMPILER=arm-none-eabi-gcc" "ARCHIVER=arm-none-eabi-ar" "COMPILER_FLAGS=  -O2 -c" "EXTRA_COMPILER_FLAGS=-mcpu=cortex-a9 -mfpu=vfpv3 -mfloat-abi=hard -nostartfiles -g -Wall -Wextra"
Running Make include in ps7_cortexa9_0/libsrc/scutimer_v2_1/src
make -C ps7_cortexa9_0/libsrc/scutimer_v2_1/src -s include  "SHELL=/bin/sh" "COMPILER=arm-none-eabi-gcc" "ARCHIVER=arm-none-eabi-ar" "COMPILER_FLAGS=  -O2 -c" "EXTRA_COMPILER_FLAGS=-mcpu=cortex-a9 -mfpu=vfpv3 -mfloat-abi=hard -nostartfiles -g -Wall -Wextra"
Running Make libs in ps7_cortexa9_0/libsrc/ddrps_v1_0/src
make -C ps7_cortexa9_0/libsrc/ddrps_v1_0/src -s libs  "SHELL=/bin/sh" "COMPILER=arm-none-eabi-gcc" "ARCHIVER=arm-none-eabi-ar" "COMPILER_FLAGS=  -O2 -c" "EXTRA_COMPILER_FLAGS=-mcpu=cortex-a9 -mfpu=vfpv3 -mfloat-abi=hard -nostartfiles -g -Wall -Wextra"
Compiling ddrps
arm-none-eabi-ar: creating ../../../lib/libxil.a
Running Make libs in ps7_cortexa9_0/libsrc/standalone_v6_8/src
make -C ps7_cortexa9_0/libsrc/standalone_v6_8/src -s libs  "SHELL=/bin/sh" "COMPILER=arm-none-eabi-gcc" "ARCHIVER=arm-none-eabi-ar" "COMPILER_FLAGS=  -O2 -c" "EXTRA_COMPILER_FLAGS=-mcpu=cortex-a9 -mfpu=vfpv3 -mfloat-abi=hard -nostartfiles -g -Wall -Wextra"
Compiling standalone
In file included from xtime_l.c:49:0:
xtime_l.h:87:9: note: #pragma message: For the sleep routines, Global timer is being used
 #pragma message ("For the sleep routines, Global timer is being used")
         ^~~~~~~
In file included from sleep.c:53:0:
xtime_l.h:87:9: note: #pragma message: For the sleep routines, Global timer is being used
 #pragma message ("For the sleep routines, Global timer is being used")
         ^~~~~~~
In file included from usleep.c:56:0:
xtime_l.h:87:9: note: #pragma message: For the sleep routines, Global timer is being used
 #pragma message ("For the sleep routines, Global timer is being used")
         ^~~~~~~
In file included from xil_sleeptimer.c:51:0:
xtime_l.h:87:9: note: #pragma message: For the sleep routines, Global timer is being used
 #pragma message ("For the sleep routines, Global timer is being used")
         ^~~~~~~
Running Make libs in ps7_cortexa9_0/libsrc/dmaps_v2_4/src
make -C ps7_cortexa9_0/libsrc/dmaps_v2_4/src -s libs  "SHELL=/bin/sh" "COMPILER=arm-none-eabi-gcc" "ARCHIVER=arm-none-eabi-ar" "COMPILER_FLAGS=  -O2 -c" "EXTRA_COMPILER_FLAGS=-mcpu=cortex-a9 -mfpu=vfpv3 -mfloat-abi=hard -nostartfiles -g -Wall -Wextra"
Compiling dmaps
Running Make libs in ps7_cortexa9_0/libsrc/cpu_cortexa9_v2_7/src
make -C ps7_cortexa9_0/libsrc/cpu_cortexa9_v2_7/src -s libs  "SHELL=/bin/sh" "COMPILER=arm-none-eabi-gcc" "ARCHIVER=arm-none-eabi-ar" "COMPILER_FLAGS=  -O2 -c" "EXTRA_COMPILER_FLAGS=-mcpu=cortex-a9 -mfpu=vfpv3 -mfloat-abi=hard -nostartfiles -g -Wall -Wextra"
Compiling cpu_cortexa9
Running Make libs in ps7_cortexa9_0/libsrc/gpiops_v3_4/src
make -C ps7_cortexa9_0/libsrc/gpiops_v3_4/src -s libs  "SHELL=/bin/sh" "COMPILER=arm-none-eabi-gcc" "ARCHIVER=arm-none-eabi-ar" "COMPILER_FLAGS=  -O2 -c" "EXTRA_COMPILER_FLAGS=-mcpu=cortex-a9 -mfpu=vfpv3 -mfloat-abi=hard -nostartfiles -g -Wall -Wextra"
Compiling gpiops
Running Make libs in ps7_cortexa9_0/libsrc/scugic_v3_10/src
make -C ps7_cortexa9_0/libsrc/scugic_v3_10/src -s libs  "SHELL=/bin/sh" "COMPILER=arm-none-eabi-gcc" "ARCHIVER=arm-none-eabi-ar" "COMPILER_FLAGS=  -O2 -c" "EXTRA_COMPILER_FLAGS=-mcpu=cortex-a9 -mfpu=vfpv3 -mfloat-abi=hard -nostartfiles -g -Wall -Wextra"
Compiling scugic
Running Make libs in ps7_cortexa9_0/libsrc/xadcps_v2_3/src
make -C ps7_cortexa9_0/libsrc/xadcps_v2_3/src -s libs  "SHELL=/bin/sh" "COMPILER=arm-none-eabi-gcc" "ARCHIVER=arm-none-eabi-ar" "COMPILER_FLAGS=  -O2 -c" "EXTRA_COMPILER_FLAGS=-mcpu=cortex-a9 -mfpu=vfpv3 -mfloat-abi=hard -nostartfiles -g -Wall -Wextra"
Compiling xadcps
Running Make libs in ps7_cortexa9_0/libsrc/Encoder_Driver_v1_0/src
make -C ps7_cortexa9_0/libsrc/Encoder_Driver_v1_0/src -s libs  "SHELL=/bin/sh" "COMPILER=arm-none-eabi-gcc" "ARCHIVER=arm-none-eabi-ar" "COMPILER_FLAGS=  -O2 -c" "EXTRA_COMPILER_FLAGS=-mcpu=cortex-a9 -mfpu=vfpv3 -mfloat-abi=hard -nostartfiles -g -Wall -Wextra"
Compiling Encoder_Driver...
Encoder_Driver_selftest.c: In function 'ENCODER_DRIVER_Reg_SelfTest':
Encoder_Driver_selftest.c:52:63: warning: comparison between signed and unsigned integer expressions [-Wsign-compare]
    if ( ENCODER_DRIVER_mReadReg (baseaddr, read_loop_index*4) != (read_loop_index+1)*READ_WRITE_MUL_FACTOR){
                                                               ^~
Encoder_Driver_selftest.c:36:6: warning: unused variable 'Index' [-Wunused-variable]
  int Index;
      ^~~~~
Running Make libs in ps7_cortexa9_0/libsrc/devcfg_v3_5/src
make -C ps7_cortexa9_0/libsrc/devcfg_v3_5/src -s libs  "SHELL=/bin/sh" "COMPILER=arm-none-eabi-gcc" "ARCHIVER=arm-none-eabi-ar" "COMPILER_FLAGS=  -O2 -c" "EXTRA_COMPILER_FLAGS=-mcpu=cortex-a9 -mfpu=vfpv3 -mfloat-abi=hard -nostartfiles -g -Wall -Wextra"
Compiling devcfg
Running Make libs in ps7_cortexa9_0/libsrc/gpio_v4_3/src
make -C ps7_cortexa9_0/libsrc/gpio_v4_3/src -s libs  "SHELL=/bin/sh" "COMPILER=arm-none-eabi-gcc" "ARCHIVER=arm-none-eabi-ar" "COMPILER_FLAGS=  -O2 -c" "EXTRA_COMPILER_FLAGS=-mcpu=cortex-a9 -mfpu=vfpv3 -mfloat-abi=hard -nostartfiles -g -Wall -Wextra"
Compiling gpio
Running Make libs in ps7_cortexa9_0/libsrc/scuwdt_v2_1/src
make -C ps7_cortexa9_0/libsrc/scuwdt_v2_1/src -s libs  "SHELL=/bin/sh" "COMPILER=arm-none-eabi-gcc" "ARCHIVER=arm-none-eabi-ar" "COMPILER_FLAGS=  -O2 -c" "EXTRA_COMPILER_FLAGS=-mcpu=cortex-a9 -mfpu=vfpv3 -mfloat-abi=hard -nostartfiles -g -Wall -Wextra"
Compiling scuwdt
Running Make libs in ps7_cortexa9_0/libsrc/uartps_v3_7/src
make -C ps7_cortexa9_0/libsrc/uartps_v3_7/src -s libs  "SHELL=/bin/sh" "COMPILER=arm-none-eabi-gcc" "ARCHIVER=arm-none-eabi-ar" "COMPILER_FLAGS=  -O2 -c" "EXTRA_COMPILER_FLAGS=-mcpu=cortex-a9 -mfpu=vfpv3 -mfloat-abi=hard -nostartfiles -g -Wall -Wextra"
Compiling uartps
Running Make libs in ps7_cortexa9_0/libsrc/PWM_Generator_v1_0/src
make -C ps7_cortexa9_0/libsrc/PWM_Generator_v1_0/src -s libs  "SHELL=/bin/sh" "COMPILER=arm-none-eabi-gcc" "ARCHIVER=arm-none-eabi-ar" "COMPILER_FLAGS=  -O2 -c" "EXTRA_COMPILER_FLAGS=-mcpu=cortex-a9 -mfpu=vfpv3 -mfloat-abi=hard -nostartfiles -g -Wall -Wextra"
Compiling PWM_Generator...
PWM_Generator_selftest.c: In function 'PWM_GENERATOR_Reg_SelfTest':
PWM_Generator_selftest.c:52:62: warning: comparison between signed and unsigned integer expressions [-Wsign-compare]
    if ( PWM_GENERATOR_mReadReg (baseaddr, read_loop_index*4) != (read_loop_index+1)*READ_WRITE_MUL_FACTOR){
                                                              ^~
PWM_Generator_selftest.c:36:6: warning: unused variable 'Index' [-Wunused-variable]
  int Index;
      ^~~~~
Running Make libs in ps7_cortexa9_0/libsrc/sysmon_v7_5/src
make -C ps7_cortexa9_0/libsrc/sysmon_v7_5/src -s libs  "SHELL=/bin/sh" "COMPILER=arm-none-eabi-gcc" "ARCHIVER=arm-none-eabi-ar" "COMPILER_FLAGS=  -O2 -c" "EXTRA_COMPILER_FLAGS=-mcpu=cortex-a9 -mfpu=vfpv3 -mfloat-abi=hard -nostartfiles -g -Wall -Wextra"
Compiling sysmon
Running Make libs in ps7_cortexa9_0/libsrc/coresightps_dcc_v1_4/src
make -C ps7_cortexa9_0/libsrc/coresightps_dcc_v1_4/src -s libs  "SHELL=/bin/sh" "COMPILER=arm-none-eabi-gcc" "ARCHIVER=arm-none-eabi-ar" "COMPILER_FLAGS=  -O2 -c" "EXTRA_COMPILER_FLAGS=-mcpu=cortex-a9 -mfpu=vfpv3 -mfloat-abi=hard -nostartfiles -g -Wall -Wextra"
Compiling coresightps_dcc
Running Make libs in ps7_cortexa9_0/libsrc/scutimer_v2_1/src
make -C ps7_cortexa9_0/libsrc/scutimer_v2_1/src -s libs  "SHELL=/bin/sh" "COMPILER=arm-none-eabi-gcc" "ARCHIVER=arm-none-eabi-ar" "COMPILER_FLAGS=  -O2 -c" "EXTRA_COMPILER_FLAGS=-mcpu=cortex-a9 -mfpu=vfpv3 -mfloat-abi=hard -nostartfiles -g -Wall -Wextra"
Compiling scutimer
Finished building libraries
14:47:27 **** Auto Build of configuration Debug for project ElectricGoKart ****
make pre-build main-build 
a9-linaro-pre-build-step
 
Building file: ../src/helloworld.c
Invoking: ARM v7 gcc compiler
arm-none-eabi-gcc -Wall -O0 -g3 -c -fmessage-length=0 -MT"src/helloworld.o" -mcpu=cortex-a9 -mfpu=vfpv3 -mfloat-abi=hard -I../../ElectricGoKart_bsp/ps7_cortexa9_0/include -MMD -MP -MF"src/helloworld.d" -MT"src/helloworld.o" -o "src/helloworld.o" "../src/helloworld.c"
Finished building: ../src/helloworld.c
 
Building file: ../src/platform.c
Invoking: ARM v7 gcc compiler
arm-none-eabi-gcc -Wall -O0 -g3 -c -fmessage-length=0 -MT"src/platform.o" -mcpu=cortex-a9 -mfpu=vfpv3 -mfloat-abi=hard -I../../ElectricGoKart_bsp/ps7_cortexa9_0/include -MMD -MP -MF"src/platform.d" -MT"src/platform.o" -o "src/platform.o" "../src/platform.c"
Finished building: ../src/platform.c
 
Building target: ElectricGoKart.elf
Invoking: ARM v7 gcc linker
arm-none-eabi-gcc -mcpu=cortex-a9 -mfpu=vfpv3 -mfloat-abi=hard -Wl,-build-id=none -specs=Xilinx.spec -Wl,-T -Wl,../src/lscript.ld -L../../ElectricGoKart_bsp/ps7_cortexa9_0/lib -o "ElectricGoKart.elf"  ./src/helloworld.o ./src/platform.o   -Wl,--start-group,-lxil,-lgcc,-lc,--end-group
Finished building target: ElectricGoKart.elf
 
Invoking: ARM v7 Print Size
arm-none-eabi-size ElectricGoKart.elf  |tee "ElectricGoKart.elf.size"
   text	   data	    bss	    dec	    hex	filename
  19352	   1144	  22568	  43064	   a838	ElectricGoKart.elf
Finished building: ElectricGoKart.elf.size
 
14:50:34 **** Auto Build of configuration Debug for project ElectricGoKart ****
make pre-build main-build 
a9-linaro-pre-build-step
 
Building file: ../src/helloworld.c
Invoking: ARM v7 gcc compiler
arm-none-eabi-gcc -Wall -O0 -g3 -c -fmessage-length=0 -MT"src/helloworld.o" -mcpu=cortex-a9 -mfpu=vfpv3 -mfloat-abi=hard -I../../ElectricGoKart_bsp/ps7_cortexa9_0/include -MMD -MP -MF"src/helloworld.d" -MT"src/helloworld.o" -o "src/helloworld.o" "../src/helloworld.c"
../src/helloworld.c:1:1: error: unterminated comment
 /************ ELECTRIC GO-KART MAIN
 ^
make: *** [src/subdir.mk:26: src/helloworld.o] Error 1
15:00:21 **** Auto Build of configuration Debug for project ElectricGoKart ****
make pre-build main-build 
a9-linaro-pre-build-step
 
Building file: ../src/helloworld.c
Invoking: ARM v7 gcc compiler
arm-none-eabi-gcc -Wall -O0 -g3 -c -fmessage-length=0 -MT"src/helloworld.o" -mcpu=cortex-a9 -mfpu=vfpv3 -mfloat-abi=hard -I../../ElectricGoKart_bsp/ps7_cortexa9_0/include -MMD -MP -MF"src/helloworld.d" -MT"src/helloworld.o" -o "src/helloworld.o" "../src/helloworld.c"
Finished building: ../src/helloworld.c
 
Building target: ElectricGoKart.elf
Invoking: ARM v7 gcc linker
arm-none-eabi-gcc -mcpu=cortex-a9 -mfpu=vfpv3 -mfloat-abi=hard -Wl,-build-id=none -specs=Xilinx.spec -Wl,-T -Wl,../src/lscript.ld -L../../ElectricGoKart_bsp/ps7_cortexa9_0/lib -o "ElectricGoKart.elf"  ./src/helloworld.o ./src/platform.o   -Wl,--start-group,-lxil,-lgcc,-lc,--end-group
Finished building target: ElectricGoKart.elf
 
Invoking: ARM v7 Print Size
arm-none-eabi-size ElectricGoKart.elf  |tee "ElectricGoKart.elf.size"
   text	   data	    bss	    dec	    hex	filename
  19352	   1144	  22568	  43064	   a838	ElectricGoKart.elf
Finished building: ElectricGoKart.elf.size
 
15:00:26 **** Clean-only build of configuration Debug for project ElectricGoKart ****
make clean 
rm -rf  ./src/helloworld.o ./src/platform.o  ./src/helloworld.d ./src/platform.d  ElectricGoKart.elf.size  ElectricGoKart.elf
 
15:00:26 **** Auto Build of configuration Debug for project ElectricGoKart ****
make pre-build main-build 
a9-linaro-pre-build-step
 
Building file: ../src/main.c
Invoking: ARM v7 gcc compiler
arm-none-eabi-gcc -Wall -O0 -g3 -c -fmessage-length=0 -MT"src/main.o" -mcpu=cortex-a9 -mfpu=vfpv3 -mfloat-abi=hard -I../../ElectricGoKart_bsp/ps7_cortexa9_0/include -MMD -MP -MF"src/main.d" -MT"src/main.o" -o "src/main.o" "../src/main.c"
Finished building: ../src/main.c
 
Building file: ../src/platform.c
Invoking: ARM v7 gcc compiler
arm-none-eabi-gcc -Wall -O0 -g3 -c -fmessage-length=0 -MT"src/platform.o" -mcpu=cortex-a9 -mfpu=vfpv3 -mfloat-abi=hard -I../../ElectricGoKart_bsp/ps7_cortexa9_0/include -MMD -MP -MF"src/platform.d" -MT"src/platform.o" -o "src/platform.o" "../src/platform.c"
Finished building: ../src/platform.c
 
Building target: ElectricGoKart.elf
Invoking: ARM v7 gcc linker
arm-none-eabi-gcc -mcpu=cortex-a9 -mfpu=vfpv3 -mfloat-abi=hard -Wl,-build-id=none -specs=Xilinx.spec -Wl,-T -Wl,../src/lscript.ld -L../../ElectricGoKart_bsp/ps7_cortexa9_0/lib -o "ElectricGoKart.elf"  ./src/main.o ./src/platform.o   -Wl,--start-group,-lxil,-lgcc,-lc,--end-group
Finished building target: ElectricGoKart.elf
 
Invoking: ARM v7 Print Size
arm-none-eabi-size ElectricGoKart.elf  |tee "ElectricGoKart.elf.size"
   text	   data	    bss	    dec	    hex	filename
  19352	   1144	  22568	  43064	   a838	ElectricGoKart.elf
Finished building: ElectricGoKart.elf.size
 
15:01:06 **** Auto Build of configuration Debug for project ElectricGoKart ****
make pre-build main-build 
a9-linaro-pre-build-step
 
Building file: ../src/main.c
Invoking: ARM v7 gcc compiler
arm-none-eabi-gcc -Wall -O0 -g3 -c -fmessage-length=0 -MT"src/main.o" -mcpu=cortex-a9 -mfpu=vfpv3 -mfloat-abi=hard -I../../ElectricGoKart_bsp/ps7_cortexa9_0/include -MMD -MP -MF"src/main.d" -MT"src/main.o" -o "src/main.o" "../src/main.c"
Finished building: ../src/main.c
 
Building target: ElectricGoKart.elf
Invoking: ARM v7 gcc linker
arm-none-eabi-gcc -mcpu=cortex-a9 -mfpu=vfpv3 -mfloat-abi=hard -Wl,-build-id=none -specs=Xilinx.spec -Wl,-T -Wl,../src/lscript.ld -L../../ElectricGoKart_bsp/ps7_cortexa9_0/lib -o "ElectricGoKart.elf"  ./src/main.o ./src/platform.o   -Wl,--start-group,-lxil,-lgcc,-lc,--end-group
Finished building target: ElectricGoKart.elf
 
Invoking: ARM v7 Print Size
arm-none-eabi-size ElectricGoKart.elf  |tee "ElectricGoKart.elf.size"
   text	   data	    bss	    dec	    hex	filename
  19132	   1144	  22568	  42844	   a75c	ElectricGoKart.elf
Finished building: ElectricGoKart.elf.size
 
15:01:51 **** Auto Build of configuration Debug for project ElectricGoKart ****
make pre-build main-build 
a9-linaro-pre-build-step
 
Building file: ../src/axiinterface.c
Invoking: ARM v7 gcc compiler
arm-none-eabi-gcc -Wall -O0 -g3 -c -fmessage-length=0 -MT"src/axiinterface.o" -mcpu=cortex-a9 -mfpu=vfpv3 -mfloat-abi=hard -I../../ElectricGoKart_bsp/ps7_cortexa9_0/include -MMD -MP -MF"src/axiinterface.d" -MT"src/axiinterface.o" -o "src/axiinterface.o" "../src/axiinterface.c"
Finished building: ../src/axiinterface.c
 
Building target: ElectricGoKart.elf
Invoking: ARM v7 gcc linker
arm-none-eabi-gcc -mcpu=cortex-a9 -mfpu=vfpv3 -mfloat-abi=hard -Wl,-build-id=none -specs=Xilinx.spec -Wl,-T -Wl,../src/lscript.ld -L../../ElectricGoKart_bsp/ps7_cortexa9_0/lib -o "ElectricGoKart.elf"  ./src/axiinterface.o ./src/main.o ./src/platform.o   -Wl,--start-group,-lxil,-lgcc,-lc,--end-group
Finished building target: ElectricGoKart.elf
 
Invoking: ARM v7 Print Size
arm-none-eabi-size ElectricGoKart.elf  |tee "ElectricGoKart.elf.size"
   text	   data	    bss	    dec	    hex	filename
  19132	   1144	  22568	  42844	   a75c	ElectricGoKart.elf
Finished building: ElectricGoKart.elf.size
 
15:01:58 **** Auto Build of configuration Debug for project ElectricGoKart ****
make pre-build main-build 
a9-linaro-pre-build-step
 
make: Nothing to be done for 'main-build'.
15:06:15 **** Auto Build of configuration Debug for project ElectricGoKart ****
make pre-build main-build 
a9-linaro-pre-build-step
 
Building file: ../src/axiinterface.c
Invoking: ARM v7 gcc compiler
arm-none-eabi-gcc -Wall -O0 -g3 -c -fmessage-length=0 -MT"src/axiinterface.o" -mcpu=cortex-a9 -mfpu=vfpv3 -mfloat-abi=hard -I../../ElectricGoKart_bsp/ps7_cortexa9_0/include -MMD -MP -MF"src/axiinterface.d" -MT"src/axiinterface.o" -o "src/axiinterface.o" "../src/axiinterface.c"
Finished building: ../src/axiinterface.c
 
Building target: ElectricGoKart.elf
Invoking: ARM v7 gcc linker
arm-none-eabi-gcc -mcpu=cortex-a9 -mfpu=vfpv3 -mfloat-abi=hard -Wl,-build-id=none -specs=Xilinx.spec -Wl,-T -Wl,../src/lscript.ld -L../../ElectricGoKart_bsp/ps7_cortexa9_0/lib -o "ElectricGoKart.elf"  ./src/axiinterface.o ./src/main.o ./src/platform.o   -Wl,--start-group,-lxil,-lgcc,-lc,--end-group
Finished building target: ElectricGoKart.elf
 
Invoking: ARM v7 Print Size
arm-none-eabi-size ElectricGoKart.elf  |tee "ElectricGoKart.elf.size"
   text	   data	    bss	    dec	    hex	filename
  19132	   1144	  22568	  42844	   a75c	ElectricGoKart.elf
Finished building: ElectricGoKart.elf.size
 
15:06:39 **** Auto Build of configuration Debug for project ElectricGoKart ****
make pre-build main-build 
a9-linaro-pre-build-step
 
Building file: ../src/axiinterface.c
Invoking: ARM v7 gcc compiler
arm-none-eabi-gcc -Wall -O0 -g3 -c -fmessage-length=0 -MT"src/axiinterface.o" -mcpu=cortex-a9 -mfpu=vfpv3 -mfloat-abi=hard -I../../ElectricGoKart_bsp/ps7_cortexa9_0/include -MMD -MP -MF"src/axiinterface.d" -MT"src/axiinterface.o" -o "src/axiinterface.o" "../src/axiinterface.c"
In file included from ../src/axiinterface.c:8:0:
../src/axiinterface.h:16:2: error: unknown type name 'u32'
  u32 duty1;
  ^~~
../src/axiinterface.h:17:2: error: unknown type name 'u32'
  u32 duty2;
  ^~~
../src/axiinterface.h:18:2: error: unknown type name 'u32'
  u32 duty3;
  ^~~
make: *** [src/subdir.mk:29: src/axiinterface.o] Error 1
15:07:02 **** Auto Build of configuration Debug for project ElectricGoKart ****
make pre-build main-build 
a9-linaro-pre-build-step
 
Building file: ../src/axiinterface.c
Invoking: ARM v7 gcc compiler
arm-none-eabi-gcc -Wall -O0 -g3 -c -fmessage-length=0 -MT"src/axiinterface.o" -mcpu=cortex-a9 -mfpu=vfpv3 -mfloat-abi=hard -I../../ElectricGoKart_bsp/ps7_cortexa9_0/include -MMD -MP -MF"src/axiinterface.d" -MT"src/axiinterface.o" -o "src/axiinterface.o" "../src/axiinterface.c"
In file included from ../src/axiinterface.c:8:0:
../src/axiinterface.h:19:2: error: unknown type name 'u32'
  u32 duty1;
  ^~~
../src/axiinterface.h:20:2: error: unknown type name 'u32'
  u32 duty2;
  ^~~
../src/axiinterface.h:21:2: error: unknown type name 'u32'
  u32 duty3;
  ^~~
make: *** [src/subdir.mk:29: src/axiinterface.o] Error 1
15:07:07 **** Incremental Build of configuration Debug for project ElectricGoKart ****
make pre-build main-build 
a9-linaro-pre-build-step
 
Building file: ../src/axiinterface.c
Invoking: ARM v7 gcc compiler
arm-none-eabi-gcc -Wall -O0 -g3 -c -fmessage-length=0 -MT"src/axiinterface.o" -mcpu=cortex-a9 -mfpu=vfpv3 -mfloat-abi=hard -I../../ElectricGoKart_bsp/ps7_cortexa9_0/include -MMD -MP -MF"src/axiinterface.d" -MT"src/axiinterface.o" -o "src/axiinterface.o" "../src/axiinterface.c"
In file included from ../src/axiinterface.c:8:0:
../src/axiinterface.h:19:2: error: unknown type name 'u32'
  u32 duty1;
  ^~~
../src/axiinterface.h:20:2: error: unknown type name 'u32'
  u32 duty2;
  ^~~
../src/axiinterface.h:21:2: error: unknown type name 'u32'
  u32 duty3;
  ^~~
make: *** [src/subdir.mk:29: src/axiinterface.o] Error 1
15:07:27 **** Auto Build of configuration Debug for project ElectricGoKart ****
make pre-build main-build 
a9-linaro-pre-build-step
 
Building file: ../src/axiinterface.c
Invoking: ARM v7 gcc compiler
arm-none-eabi-gcc -Wall -O0 -g3 -c -fmessage-length=0 -MT"src/axiinterface.o" -mcpu=cortex-a9 -mfpu=vfpv3 -mfloat-abi=hard -I../../ElectricGoKart_bsp/ps7_cortexa9_0/include -MMD -MP -MF"src/axiinterface.d" -MT"src/axiinterface.o" -o "src/axiinterface.o" "../src/axiinterface.c"
In file included from ../src/axiinterface.c:8:0:
../src/axiinterface.h:19:2: error: unknown type name 'u32'
  u32 duty1;
  ^~~
../src/axiinterface.h:20:2: error: unknown type name 'u32'
  u32 duty2;
  ^~~
../src/axiinterface.h:21:2: error: unknown type name 'u32'
  u32 duty3;
  ^~~
make: *** [src/subdir.mk:29: src/axiinterface.o] Error 1
15:07:33 **** Auto Build of configuration Debug for project ElectricGoKart ****
make pre-build main-build 
a9-linaro-pre-build-step
 
Building file: ../src/axiinterface.c
Invoking: ARM v7 gcc compiler
arm-none-eabi-gcc -Wall -O0 -g3 -c -fmessage-length=0 -MT"src/axiinterface.o" -mcpu=cortex-a9 -mfpu=vfpv3 -mfloat-abi=hard -I../../ElectricGoKart_bsp/ps7_cortexa9_0/include -MMD -MP -MF"src/axiinterface.d" -MT"src/axiinterface.o" -o "src/axiinterface.o" "../src/axiinterface.c"
In file included from ../src/axiinterface.c:8:0:
../src/axiinterface.h:19:2: error: unknown type name 'u32'
  u32 duty1;
  ^~~
../src/axiinterface.h:20:2: error: unknown type name 'u32'
  u32 duty2;
  ^~~
../src/axiinterface.h:21:2: error: unknown type name 'u32'
  u32 duty3;
  ^~~
make: *** [src/subdir.mk:29: src/axiinterface.o] Error 1
15:07:46 **** Auto Build of configuration Debug for project ElectricGoKart ****
make pre-build main-build 
a9-linaro-pre-build-step
 
Building file: ../src/axiinterface.c
Invoking: ARM v7 gcc compiler
arm-none-eabi-gcc -Wall -O0 -g3 -c -fmessage-length=0 -MT"src/axiinterface.o" -mcpu=cortex-a9 -mfpu=vfpv3 -mfloat-abi=hard -I../../ElectricGoKart_bsp/ps7_cortexa9_0/include -MMD -MP -MF"src/axiinterface.d" -MT"src/axiinterface.o" -o "src/axiinterface.o" "../src/axiinterface.c"
In file included from ../src/axiinterface.c:8:0:
../src/axiinterface.h:19:2: error: unknown type name 'u32'
  u32 duty1;
  ^~~
../src/axiinterface.h:20:2: error: unknown type name 'u32'
  u32 duty2;
  ^~~
../src/axiinterface.h:21:2: error: unknown type name 'u32'
  u32 duty3;
  ^~~
make: *** [src/subdir.mk:29: src/axiinterface.o] Error 1
15:08:05 **** Auto Build of configuration Debug for project ElectricGoKart ****
make pre-build main-build 
a9-linaro-pre-build-step
 
Building file: ../src/axiinterface.c
Invoking: ARM v7 gcc compiler
arm-none-eabi-gcc -Wall -O0 -g3 -c -fmessage-length=0 -MT"src/axiinterface.o" -mcpu=cortex-a9 -mfpu=vfpv3 -mfloat-abi=hard -I../../ElectricGoKart_bsp/ps7_cortexa9_0/include -MMD -MP -MF"src/axiinterface.d" -MT"src/axiinterface.o" -o "src/axiinterface.o" "../src/axiinterface.c"
In file included from ../src/axiinterface.c:8:0:
../src/axiinterface.h:19:2: error: unknown type name 'u8'
  u8 duty1;
  ^~
../src/axiinterface.h:20:2: error: unknown type name 'u32'
  u32 duty2;
  ^~~
../src/axiinterface.h:21:2: error: unknown type name 'u32'
  u32 duty3;
  ^~~
make: *** [src/subdir.mk:29: src/axiinterface.o] Error 1
15:08:09 **** Auto Build of configuration Debug for project ElectricGoKart ****
make pre-build main-build 
a9-linaro-pre-build-step
 
Building file: ../src/axiinterface.c
Invoking: ARM v7 gcc compiler
arm-none-eabi-gcc -Wall -O0 -g3 -c -fmessage-length=0 -MT"src/axiinterface.o" -mcpu=cortex-a9 -mfpu=vfpv3 -mfloat-abi=hard -I../../ElectricGoKart_bsp/ps7_cortexa9_0/include -MMD -MP -MF"src/axiinterface.d" -MT"src/axiinterface.o" -o "src/axiinterface.o" "../src/axiinterface.c"
In file included from ../src/axiinterface.c:8:0:
../src/axiinterface.h:19:2: error: unknown type name 'u32'
  u32 duty1;
  ^~~
../src/axiinterface.h:20:2: error: unknown type name 'u32'
  u32 duty2;
  ^~~
../src/axiinterface.h:21:2: error: unknown type name 'u32'
  u32 duty3;
  ^~~
make: *** [src/subdir.mk:29: src/axiinterface.o] Error 1
15:09:57 **** Auto Build of configuration Debug for project ElectricGoKart ****
make pre-build main-build 
a9-linaro-pre-build-step
 
Building file: ../src/axiinterface.c
Invoking: ARM v7 gcc compiler
arm-none-eabi-gcc -Wall -O0 -g3 -c -fmessage-length=0 -MT"src/axiinterface.o" -mcpu=cortex-a9 -mfpu=vfpv3 -mfloat-abi=hard -I../../ElectricGoKart_bsp/ps7_cortexa9_0/include -MMD -MP -MF"src/axiinterface.d" -MT"src/axiinterface.o" -o "src/axiinterface.o" "../src/axiinterface.c"
In file included from ../src/axiinterface.c:8:0:
../src/axiinterface.h:20:2: error: unknown type name 'u32'
  u32 duty1;
  ^~~
../src/axiinterface.h:21:2: error: unknown type name 'u32'
  u32 duty2;
  ^~~
../src/axiinterface.h:22:2: error: unknown type name 'u32'
  u32 duty3;
  ^~~
make: *** [src/subdir.mk:29: src/axiinterface.o] Error 1
15:10:28 **** Auto Build of configuration Debug for project ElectricGoKart ****
make pre-build main-build 
a9-linaro-pre-build-step
 
Building file: ../src/axiinterface.c
Invoking: ARM v7 gcc compiler
arm-none-eabi-gcc -Wall -O0 -g3 -c -fmessage-length=0 -MT"src/axiinterface.o" -mcpu=cortex-a9 -mfpu=vfpv3 -mfloat-abi=hard -I../../ElectricGoKart_bsp/ps7_cortexa9_0/include -MMD -MP -MF"src/axiinterface.d" -MT"src/axiinterface.o" -o "src/axiinterface.o" "../src/axiinterface.c"
Finished building: ../src/axiinterface.c
 
Building file: ../src/main.c
Invoking: ARM v7 gcc compiler
arm-none-eabi-gcc -Wall -O0 -g3 -c -fmessage-length=0 -MT"src/main.o" -mcpu=cortex-a9 -mfpu=vfpv3 -mfloat-abi=hard -I../../ElectricGoKart_bsp/ps7_cortexa9_0/include -MMD -MP -MF"src/main.d" -MT"src/main.o" -o "src/main.o" "../src/main.c"
Finished building: ../src/main.c
 
Building target: ElectricGoKart.elf
Invoking: ARM v7 gcc linker
arm-none-eabi-gcc -mcpu=cortex-a9 -mfpu=vfpv3 -mfloat-abi=hard -Wl,-build-id=none -specs=Xilinx.spec -Wl,-T -Wl,../src/lscript.ld -L../../ElectricGoKart_bsp/ps7_cortexa9_0/lib -o "ElectricGoKart.elf"  ./src/axiinterface.o ./src/main.o ./src/platform.o   -Wl,--start-group,-lxil,-lgcc,-lc,--end-group
Finished building target: ElectricGoKart.elf
 
Invoking: ARM v7 Print Size
arm-none-eabi-size ElectricGoKart.elf  |tee "ElectricGoKart.elf.size"
   text	   data	    bss	    dec	    hex	filename
  19132	   1144	  22568	  42844	   a75c	ElectricGoKart.elf
Finished building: ElectricGoKart.elf.size
 
15:10:38 **** Auto Build of configuration Debug for project ElectricGoKart ****
make pre-build main-build 
a9-linaro-pre-build-step
 
Building file: ../src/main.c
Invoking: ARM v7 gcc compiler
arm-none-eabi-gcc -Wall -O0 -g3 -c -fmessage-length=0 -MT"src/main.o" -mcpu=cortex-a9 -mfpu=vfpv3 -mfloat-abi=hard -I../../ElectricGoKart_bsp/ps7_cortexa9_0/include -MMD -MP -MF"src/main.d" -MT"src/main.o" -o "src/main.o" "../src/main.c"
Finished building: ../src/main.c
 
Building target: ElectricGoKart.elf
Invoking: ARM v7 gcc linker
arm-none-eabi-gcc -mcpu=cortex-a9 -mfpu=vfpv3 -mfloat-abi=hard -Wl,-build-id=none -specs=Xilinx.spec -Wl,-T -Wl,../src/lscript.ld -L../../ElectricGoKart_bsp/ps7_cortexa9_0/lib -o "ElectricGoKart.elf"  ./src/axiinterface.o ./src/main.o ./src/platform.o   -Wl,--start-group,-lxil,-lgcc,-lc,--end-group
Finished building target: ElectricGoKart.elf
 
Invoking: ARM v7 Print Size
arm-none-eabi-size ElectricGoKart.elf  |tee "ElectricGoKart.elf.size"
   text	   data	    bss	    dec	    hex	filename
  19132	   1144	  22568	  42844	   a75c	ElectricGoKart.elf
Finished building: ElectricGoKart.elf.size
 
15:13:54 **** Auto Build of configuration Debug for project ElectricGoKart ****
make pre-build main-build 
a9-linaro-pre-build-step
 
Building file: ../src/axiinterface.c
Invoking: ARM v7 gcc compiler
arm-none-eabi-gcc -Wall -O0 -g3 -c -fmessage-length=0 -MT"src/axiinterface.o" -mcpu=cortex-a9 -mfpu=vfpv3 -mfloat-abi=hard -I../../ElectricGoKart_bsp/ps7_cortexa9_0/include -MMD -MP -MF"src/axiinterface.d" -MT"src/axiinterface.o" -o "src/axiinterface.o" "../src/axiinterface.c"
Finished building: ../src/axiinterface.c
 
Building file: ../src/main.c
Invoking: ARM v7 gcc compiler
arm-none-eabi-gcc -Wall -O0 -g3 -c -fmessage-length=0 -MT"src/main.o" -mcpu=cortex-a9 -mfpu=vfpv3 -mfloat-abi=hard -I../../ElectricGoKart_bsp/ps7_cortexa9_0/include -MMD -MP -MF"src/main.d" -MT"src/main.o" -o "src/main.o" "../src/main.c"
Finished building: ../src/main.c
 
Building target: ElectricGoKart.elf
Invoking: ARM v7 gcc linker
arm-none-eabi-gcc -mcpu=cortex-a9 -mfpu=vfpv3 -mfloat-abi=hard -Wl,-build-id=none -specs=Xilinx.spec -Wl,-T -Wl,../src/lscript.ld -L../../ElectricGoKart_bsp/ps7_cortexa9_0/lib -o "ElectricGoKart.elf"  ./src/axiinterface.o ./src/main.o ./src/platform.o   -Wl,--start-group,-lxil,-lgcc,-lc,--end-group
Finished building target: ElectricGoKart.elf
 
Invoking: ARM v7 Print Size
arm-none-eabi-size ElectricGoKart.elf  |tee "ElectricGoKart.elf.size"
   text	   data	    bss	    dec	    hex	filename
  19132	   1144	  22568	  42844	   a75c	ElectricGoKart.elf
Finished building: ElectricGoKart.elf.size
 
15:17:32 **** Auto Build of configuration Debug for project ElectricGoKart ****
make pre-build main-build 
a9-linaro-pre-build-step
 
Building file: ../src/axiinterface.c
Invoking: ARM v7 gcc compiler
arm-none-eabi-gcc -Wall -O0 -g3 -c -fmessage-length=0 -MT"src/axiinterface.o" -mcpu=cortex-a9 -mfpu=vfpv3 -mfloat-abi=hard -I../../ElectricGoKart_bsp/ps7_cortexa9_0/include -MMD -MP -MF"src/axiinterface.d" -MT"src/axiinterface.o" -o "src/axiinterface.o" "../src/axiinterface.c"
Finished building: ../src/axiinterface.c
 
Building file: ../src/main.c
Invoking: ARM v7 gcc compiler
arm-none-eabi-gcc -Wall -O0 -g3 -c -fmessage-length=0 -MT"src/main.o" -mcpu=cortex-a9 -mfpu=vfpv3 -mfloat-abi=hard -I../../ElectricGoKart_bsp/ps7_cortexa9_0/include -MMD -MP -MF"src/main.d" -MT"src/main.o" -o "src/main.o" "../src/main.c"
Finished building: ../src/main.c
 
Building target: ElectricGoKart.elf
Invoking: ARM v7 gcc linker
arm-none-eabi-gcc -mcpu=cortex-a9 -mfpu=vfpv3 -mfloat-abi=hard -Wl,-build-id=none -specs=Xilinx.spec -Wl,-T -Wl,../src/lscript.ld -L../../ElectricGoKart_bsp/ps7_cortexa9_0/lib -o "ElectricGoKart.elf"  ./src/axiinterface.o ./src/main.o ./src/platform.o   -Wl,--start-group,-lxil,-lgcc,-lc,--end-group
Finished building target: ElectricGoKart.elf
 
Invoking: ARM v7 Print Size
arm-none-eabi-size ElectricGoKart.elf  |tee "ElectricGoKart.elf.size"
   text	   data	    bss	    dec	    hex	filename
  19132	   1144	  22568	  42844	   a75c	ElectricGoKart.elf
Finished building: ElectricGoKart.elf.size
 
15:17:45 **** Auto Build of configuration Debug for project ElectricGoKart ****
make pre-build main-build 
a9-linaro-pre-build-step
 
Building file: ../src/axiinterface.c
Invoking: ARM v7 gcc compiler
arm-none-eabi-gcc -Wall -O0 -g3 -c -fmessage-length=0 -MT"src/axiinterface.o" -mcpu=cortex-a9 -mfpu=vfpv3 -mfloat-abi=hard -I../../ElectricGoKart_bsp/ps7_cortexa9_0/include -MMD -MP -MF"src/axiinterface.d" -MT"src/axiinterface.o" -o "src/axiinterface.o" "../src/axiinterface.c"
Finished building: ../src/axiinterface.c
 
Building file: ../src/main.c
Invoking: ARM v7 gcc compiler
arm-none-eabi-gcc -Wall -O0 -g3 -c -fmessage-length=0 -MT"src/main.o" -mcpu=cortex-a9 -mfpu=vfpv3 -mfloat-abi=hard -I../../ElectricGoKart_bsp/ps7_cortexa9_0/include -MMD -MP -MF"src/main.d" -MT"src/main.o" -o "src/main.o" "../src/main.c"
Finished building: ../src/main.c
 
Building target: ElectricGoKart.elf
Invoking: ARM v7 gcc linker
arm-none-eabi-gcc -mcpu=cortex-a9 -mfpu=vfpv3 -mfloat-abi=hard -Wl,-build-id=none -specs=Xilinx.spec -Wl,-T -Wl,../src/lscript.ld -L../../ElectricGoKart_bsp/ps7_cortexa9_0/lib -o "ElectricGoKart.elf"  ./src/axiinterface.o ./src/main.o ./src/platform.o   -Wl,--start-group,-lxil,-lgcc,-lc,--end-group
Finished building target: ElectricGoKart.elf
 
Invoking: ARM v7 Print Size
arm-none-eabi-size ElectricGoKart.elf  |tee "ElectricGoKart.elf.size"
   text	   data	    bss	    dec	    hex	filename
  19132	   1144	  22568	  42844	   a75c	ElectricGoKart.elf
Finished building: ElectricGoKart.elf.size
 
15:18:38 **** Auto Build of configuration Debug for project ElectricGoKart ****
make pre-build main-build 
a9-linaro-pre-build-step
 
Building file: ../src/axiinterface.c
Invoking: ARM v7 gcc compiler
arm-none-eabi-gcc -Wall -O0 -g3 -c -fmessage-length=0 -MT"src/axiinterface.o" -mcpu=cortex-a9 -mfpu=vfpv3 -mfloat-abi=hard -I../../ElectricGoKart_bsp/ps7_cortexa9_0/include -MMD -MP -MF"src/axiinterface.d" -MT"src/axiinterface.o" -o "src/axiinterface.o" "../src/axiinterface.c"
Finished building: ../src/axiinterface.c
 
Building target: ElectricGoKart.elf
Invoking: ARM v7 gcc linker
arm-none-eabi-gcc -mcpu=cortex-a9 -mfpu=vfpv3 -mfloat-abi=hard -Wl,-build-id=none -specs=Xilinx.spec -Wl,-T -Wl,../src/lscript.ld -L../../ElectricGoKart_bsp/ps7_cortexa9_0/lib -o "ElectricGoKart.elf"  ./src/axiinterface.o ./src/main.o ./src/platform.o   -Wl,--start-group,-lxil,-lgcc,-lc,--end-group
Finished building target: ElectricGoKart.elf
 
Invoking: ARM v7 Print Size
arm-none-eabi-size ElectricGoKart.elf  |tee "ElectricGoKart.elf.size"
   text	   data	    bss	    dec	    hex	filename
  19196	   1144	  22568	  42908	   a79c	ElectricGoKart.elf
Finished building: ElectricGoKart.elf.size
 
15:22:04 **** Auto Build of configuration Debug for project ElectricGoKart ****
make pre-build main-build 
a9-linaro-pre-build-step
 
Building file: ../src/axiinterface.c
Invoking: ARM v7 gcc compiler
arm-none-eabi-gcc -Wall -O0 -g3 -c -fmessage-length=0 -MT"src/axiinterface.o" -mcpu=cortex-a9 -mfpu=vfpv3 -mfloat-abi=hard -I../../ElectricGoKart_bsp/ps7_cortexa9_0/include -MMD -MP -MF"src/axiinterface.d" -MT"src/axiinterface.o" -o "src/axiinterface.o" "../src/axiinterface.c"
Finished building: ../src/axiinterface.c
 
Building file: ../src/main.c
Invoking: ARM v7 gcc compiler
arm-none-eabi-gcc -Wall -O0 -g3 -c -fmessage-length=0 -MT"src/main.o" -mcpu=cortex-a9 -mfpu=vfpv3 -mfloat-abi=hard -I../../ElectricGoKart_bsp/ps7_cortexa9_0/include -MMD -MP -MF"src/main.d" -MT"src/main.o" -o "src/main.o" "../src/main.c"
Finished building: ../src/main.c
 
Building target: ElectricGoKart.elf
Invoking: ARM v7 gcc linker
arm-none-eabi-gcc -mcpu=cortex-a9 -mfpu=vfpv3 -mfloat-abi=hard -Wl,-build-id=none -specs=Xilinx.spec -Wl,-T -Wl,../src/lscript.ld -L../../ElectricGoKart_bsp/ps7_cortexa9_0/lib -o "ElectricGoKart.elf"  ./src/axiinterface.o ./src/main.o ./src/platform.o   -Wl,--start-group,-lxil,-lgcc,-lc,--end-group
Finished building target: ElectricGoKart.elf
 
Invoking: ARM v7 Print Size
arm-none-eabi-size ElectricGoKart.elf  |tee "ElectricGoKart.elf.size"
   text	   data	    bss	    dec	    hex	filename
  19196	   1144	  22568	  42908	   a79c	ElectricGoKart.elf
Finished building: ElectricGoKart.elf.size
 
15:22:12 **** Auto Build of configuration Debug for project ElectricGoKart ****
make pre-build main-build 
a9-linaro-pre-build-step
 
Building file: ../src/axiinterface.c
Invoking: ARM v7 gcc compiler
arm-none-eabi-gcc -Wall -O0 -g3 -c -fmessage-length=0 -MT"src/axiinterface.o" -mcpu=cortex-a9 -mfpu=vfpv3 -mfloat-abi=hard -I../../ElectricGoKart_bsp/ps7_cortexa9_0/include -MMD -MP -MF"src/axiinterface.d" -MT"src/axiinterface.o" -o "src/axiinterface.o" "../src/axiinterface.c"
Finished building: ../src/axiinterface.c
 
Building file: ../src/main.c
Invoking: ARM v7 gcc compiler
arm-none-eabi-gcc -Wall -O0 -g3 -c -fmessage-length=0 -MT"src/main.o" -mcpu=cortex-a9 -mfpu=vfpv3 -mfloat-abi=hard -I../../ElectricGoKart_bsp/ps7_cortexa9_0/include -MMD -MP -MF"src/main.d" -MT"src/main.o" -o "src/main.o" "../src/main.c"
Finished building: ../src/main.c
 
Building target: ElectricGoKart.elf
Invoking: ARM v7 gcc linker
arm-none-eabi-gcc -mcpu=cortex-a9 -mfpu=vfpv3 -mfloat-abi=hard -Wl,-build-id=none -specs=Xilinx.spec -Wl,-T -Wl,../src/lscript.ld -L../../ElectricGoKart_bsp/ps7_cortexa9_0/lib -o "ElectricGoKart.elf"  ./src/axiinterface.o ./src/main.o ./src/platform.o   -Wl,--start-group,-lxil,-lgcc,-lc,--end-group
Finished building target: ElectricGoKart.elf
 
Invoking: ARM v7 Print Size
arm-none-eabi-size ElectricGoKart.elf  |tee "ElectricGoKart.elf.size"
   text	   data	    bss	    dec	    hex	filename
  19196	   1144	  22568	  42908	   a79c	ElectricGoKart.elf
Finished building: ElectricGoKart.elf.size
 
15:22:20 **** Auto Build of configuration Debug for project ElectricGoKart ****
make pre-build main-build 
a9-linaro-pre-build-step
 
Building file: ../src/axiinterface.c
Invoking: ARM v7 gcc compiler
arm-none-eabi-gcc -Wall -O0 -g3 -c -fmessage-length=0 -MT"src/axiinterface.o" -mcpu=cortex-a9 -mfpu=vfpv3 -mfloat-abi=hard -I../../ElectricGoKart_bsp/ps7_cortexa9_0/include -MMD -MP -MF"src/axiinterface.d" -MT"src/axiinterface.o" -o "src/axiinterface.o" "../src/axiinterface.c"
Finished building: ../src/axiinterface.c
 
Building file: ../src/main.c
Invoking: ARM v7 gcc compiler
arm-none-eabi-gcc -Wall -O0 -g3 -c -fmessage-length=0 -MT"src/main.o" -mcpu=cortex-a9 -mfpu=vfpv3 -mfloat-abi=hard -I../../ElectricGoKart_bsp/ps7_cortexa9_0/include -MMD -MP -MF"src/main.d" -MT"src/main.o" -o "src/main.o" "../src/main.c"
Finished building: ../src/main.c
 
Building target: ElectricGoKart.elf
Invoking: ARM v7 gcc linker
arm-none-eabi-gcc -mcpu=cortex-a9 -mfpu=vfpv3 -mfloat-abi=hard -Wl,-build-id=none -specs=Xilinx.spec -Wl,-T -Wl,../src/lscript.ld -L../../ElectricGoKart_bsp/ps7_cortexa9_0/lib -o "ElectricGoKart.elf"  ./src/axiinterface.o ./src/main.o ./src/platform.o   -Wl,--start-group,-lxil,-lgcc,-lc,--end-group
Finished building target: ElectricGoKart.elf
 
Invoking: ARM v7 Print Size
arm-none-eabi-size ElectricGoKart.elf  |tee "ElectricGoKart.elf.size"
   text	   data	    bss	    dec	    hex	filename
  19196	   1144	  22568	  42908	   a79c	ElectricGoKart.elf
Finished building: ElectricGoKart.elf.size
 
15:25:03 **** Auto Build of configuration Debug for project ElectricGoKart ****
make pre-build main-build 
a9-linaro-pre-build-step
 
Building file: ../src/axiinterface.c
Invoking: ARM v7 gcc compiler
arm-none-eabi-gcc -Wall -O0 -g3 -c -fmessage-length=0 -MT"src/axiinterface.o" -mcpu=cortex-a9 -mfpu=vfpv3 -mfloat-abi=hard -I../../ElectricGoKart_bsp/ps7_cortexa9_0/include -MMD -MP -MF"src/axiinterface.d" -MT"src/axiinterface.o" -o "src/axiinterface.o" "../src/axiinterface.c"
../src/axiinterface.c:18:6: error: conflicting types for 'setDutyCycles'
 void setDutyCycles(dutycycles_t *duties) {
      ^~~~~~~~~~~~~
In file included from ../src/axiinterface.c:8:0:
../src/axiinterface.h:44:6: note: previous declaration of 'setDutyCycles' was here
 void setDutyCycles(dutycycles_t duties);
      ^~~~~~~~~~~~~
make: *** [src/subdir.mk:29: src/axiinterface.o] Error 1
15:25:09 **** Auto Build of configuration Debug for project ElectricGoKart ****
make pre-build main-build 
a9-linaro-pre-build-step
 
Building file: ../src/axiinterface.c
Invoking: ARM v7 gcc compiler
arm-none-eabi-gcc -Wall -O0 -g3 -c -fmessage-length=0 -MT"src/axiinterface.o" -mcpu=cortex-a9 -mfpu=vfpv3 -mfloat-abi=hard -I../../ElectricGoKart_bsp/ps7_cortexa9_0/include -MMD -MP -MF"src/axiinterface.d" -MT"src/axiinterface.o" -o "src/axiinterface.o" "../src/axiinterface.c"
Finished building: ../src/axiinterface.c
 
Building file: ../src/main.c
Invoking: ARM v7 gcc compiler
arm-none-eabi-gcc -Wall -O0 -g3 -c -fmessage-length=0 -MT"src/main.o" -mcpu=cortex-a9 -mfpu=vfpv3 -mfloat-abi=hard -I../../ElectricGoKart_bsp/ps7_cortexa9_0/include -MMD -MP -MF"src/main.d" -MT"src/main.o" -o "src/main.o" "../src/main.c"
Finished building: ../src/main.c
 
Building target: ElectricGoKart.elf
Invoking: ARM v7 gcc linker
arm-none-eabi-gcc -mcpu=cortex-a9 -mfpu=vfpv3 -mfloat-abi=hard -Wl,-build-id=none -specs=Xilinx.spec -Wl,-T -Wl,../src/lscript.ld -L../../ElectricGoKart_bsp/ps7_cortexa9_0/lib -o "ElectricGoKart.elf"  ./src/axiinterface.o ./src/main.o ./src/platform.o   -Wl,--start-group,-lxil,-lgcc,-lc,--end-group
Finished building target: ElectricGoKart.elf
 
Invoking: ARM v7 Print Size
arm-none-eabi-size ElectricGoKart.elf  |tee "ElectricGoKart.elf.size"
   text	   data	    bss	    dec	    hex	filename
  19236	   1144	  22568	  42948	   a7c4	ElectricGoKart.elf
Finished building: ElectricGoKart.elf.size
 
15:25:47 **** Auto Build of configuration Debug for project ElectricGoKart ****
make pre-build main-build 
a9-linaro-pre-build-step
 
Building file: ../src/axiinterface.c
Invoking: ARM v7 gcc compiler
arm-none-eabi-gcc -Wall -O0 -g3 -c -fmessage-length=0 -MT"src/axiinterface.o" -mcpu=cortex-a9 -mfpu=vfpv3 -mfloat-abi=hard -I../../ElectricGoKart_bsp/ps7_cortexa9_0/include -MMD -MP -MF"src/axiinterface.d" -MT"src/axiinterface.o" -o "src/axiinterface.o" "../src/axiinterface.c"
In file included from ../src/axiinterface.c:8:0:
../src/axiinterface.h:44:20: error: unknown type name 'ocrvalues_t'
 void setDutyCycles(ocrvalues_t ocrs);
                    ^~~~~~~~~~~
make: *** [src/subdir.mk:29: src/axiinterface.o] Error 1
15:25:56 **** Auto Build of configuration Debug for project ElectricGoKart ****
make pre-build main-build 
a9-linaro-pre-build-step
 
Building file: ../src/axiinterface.c
Invoking: ARM v7 gcc compiler
arm-none-eabi-gcc -Wall -O0 -g3 -c -fmessage-length=0 -MT"src/axiinterface.o" -mcpu=cortex-a9 -mfpu=vfpv3 -mfloat-abi=hard -I../../ElectricGoKart_bsp/ps7_cortexa9_0/include -MMD -MP -MF"src/axiinterface.d" -MT"src/axiinterface.o" -o "src/axiinterface.o" "../src/axiinterface.c"
In file included from ../src/axiinterface.c:8:0:
../src/axiinterface.h:44:20: error: unknown type name 'ocrvalues_t'
 void setDutyCycles(ocrvalues_t ocrs);
                    ^~~~~~~~~~~
../src/axiinterface.c:22:20: error: unknown type name 'ocrvalues_t'
 void setDutyCycles(ocrvalues_t ocrs) {
                    ^~~~~~~~~~~
make: *** [src/subdir.mk:29: src/axiinterface.o] Error 1
15:26:08 **** Auto Build of configuration Debug for project ElectricGoKart ****
make pre-build main-build 
a9-linaro-pre-build-step
 
Building file: ../src/axiinterface.c
Invoking: ARM v7 gcc compiler
arm-none-eabi-gcc -Wall -O0 -g3 -c -fmessage-length=0 -MT"src/axiinterface.o" -mcpu=cortex-a9 -mfpu=vfpv3 -mfloat-abi=hard -I../../ElectricGoKart_bsp/ps7_cortexa9_0/include -MMD -MP -MF"src/axiinterface.d" -MT"src/axiinterface.o" -o "src/axiinterface.o" "../src/axiinterface.c"
Finished building: ../src/axiinterface.c
 
Building file: ../src/main.c
Invoking: ARM v7 gcc compiler
arm-none-eabi-gcc -Wall -O0 -g3 -c -fmessage-length=0 -MT"src/main.o" -mcpu=cortex-a9 -mfpu=vfpv3 -mfloat-abi=hard -I../../ElectricGoKart_bsp/ps7_cortexa9_0/include -MMD -MP -MF"src/main.d" -MT"src/main.o" -o "src/main.o" "../src/main.c"
Finished building: ../src/main.c
 
Building target: ElectricGoKart.elf
Invoking: ARM v7 gcc linker
arm-none-eabi-gcc -mcpu=cortex-a9 -mfpu=vfpv3 -mfloat-abi=hard -Wl,-build-id=none -specs=Xilinx.spec -Wl,-T -Wl,../src/lscript.ld -L../../ElectricGoKart_bsp/ps7_cortexa9_0/lib -o "ElectricGoKart.elf"  ./src/axiinterface.o ./src/main.o ./src/platform.o   -Wl,--start-group,-lxil,-lgcc,-lc,--end-group
Finished building target: ElectricGoKart.elf
 
Invoking: ARM v7 Print Size
arm-none-eabi-size ElectricGoKart.elf  |tee "ElectricGoKart.elf.size"
   text	   data	    bss	    dec	    hex	filename
  19236	   1144	  22568	  42948	   a7c4	ElectricGoKart.elf
Finished building: ElectricGoKart.elf.size
 
15:26:48 **** Auto Build of configuration Debug for project ElectricGoKart ****
make pre-build main-build 
a9-linaro-pre-build-step
 
Building file: ../src/axiinterface.c
Invoking: ARM v7 gcc compiler
arm-none-eabi-gcc -Wall -O0 -g3 -c -fmessage-length=0 -MT"src/axiinterface.o" -mcpu=cortex-a9 -mfpu=vfpv3 -mfloat-abi=hard -I../../ElectricGoKart_bsp/ps7_cortexa9_0/include -MMD -MP -MF"src/axiinterface.d" -MT"src/axiinterface.o" -o "src/axiinterface.o" "../src/axiinterface.c"
Finished building: ../src/axiinterface.c
 
Building file: ../src/main.c
Invoking: ARM v7 gcc compiler
arm-none-eabi-gcc -Wall -O0 -g3 -c -fmessage-length=0 -MT"src/main.o" -mcpu=cortex-a9 -mfpu=vfpv3 -mfloat-abi=hard -I../../ElectricGoKart_bsp/ps7_cortexa9_0/include -MMD -MP -MF"src/main.d" -MT"src/main.o" -o "src/main.o" "../src/main.c"
Finished building: ../src/main.c
 
Building target: ElectricGoKart.elf
Invoking: ARM v7 gcc linker
arm-none-eabi-gcc -mcpu=cortex-a9 -mfpu=vfpv3 -mfloat-abi=hard -Wl,-build-id=none -specs=Xilinx.spec -Wl,-T -Wl,../src/lscript.ld -L../../ElectricGoKart_bsp/ps7_cortexa9_0/lib -o "ElectricGoKart.elf"  ./src/axiinterface.o ./src/main.o ./src/platform.o   -Wl,--start-group,-lxil,-lgcc,-lc,--end-group
Finished building target: ElectricGoKart.elf
 
Invoking: ARM v7 Print Size
arm-none-eabi-size ElectricGoKart.elf  |tee "ElectricGoKart.elf.size"
   text	   data	    bss	    dec	    hex	filename
  19236	   1144	  22568	  42948	   a7c4	ElectricGoKart.elf
Finished building: ElectricGoKart.elf.size
 
15:27:20 **** Auto Build of configuration Debug for project ElectricGoKart ****
make pre-build main-build 
a9-linaro-pre-build-step
 
Building file: ../src/axiinterface.c
Invoking: ARM v7 gcc compiler
arm-none-eabi-gcc -Wall -O0 -g3 -c -fmessage-length=0 -MT"src/axiinterface.o" -mcpu=cortex-a9 -mfpu=vfpv3 -mfloat-abi=hard -I../../ElectricGoKart_bsp/ps7_cortexa9_0/include -MMD -MP -MF"src/axiinterface.d" -MT"src/axiinterface.o" -o "src/axiinterface.o" "../src/axiinterface.c"
Finished building: ../src/axiinterface.c
 
Building file: ../src/main.c
Invoking: ARM v7 gcc compiler
arm-none-eabi-gcc -Wall -O0 -g3 -c -fmessage-length=0 -MT"src/main.o" -mcpu=cortex-a9 -mfpu=vfpv3 -mfloat-abi=hard -I../../ElectricGoKart_bsp/ps7_cortexa9_0/include -MMD -MP -MF"src/main.d" -MT"src/main.o" -o "src/main.o" "../src/main.c"
Finished building: ../src/main.c
 
Building target: ElectricGoKart.elf
Invoking: ARM v7 gcc linker
arm-none-eabi-gcc -mcpu=cortex-a9 -mfpu=vfpv3 -mfloat-abi=hard -Wl,-build-id=none -specs=Xilinx.spec -Wl,-T -Wl,../src/lscript.ld -L../../ElectricGoKart_bsp/ps7_cortexa9_0/lib -o "ElectricGoKart.elf"  ./src/axiinterface.o ./src/main.o ./src/platform.o   -Wl,--start-group,-lxil,-lgcc,-lc,--end-group
Finished building target: ElectricGoKart.elf
 
Invoking: ARM v7 Print Size
arm-none-eabi-size ElectricGoKart.elf  |tee "ElectricGoKart.elf.size"
   text	   data	    bss	    dec	    hex	filename
  19236	   1144	  22568	  42948	   a7c4	ElectricGoKart.elf
Finished building: ElectricGoKart.elf.size
 
15:30:00 **** Auto Build of configuration Debug for project ElectricGoKart ****
make pre-build main-build 
a9-linaro-pre-build-step
 
Building file: ../src/axiinterface.c
Invoking: ARM v7 gcc compiler
arm-none-eabi-gcc -Wall -O0 -g3 -c -fmessage-length=0 -MT"src/axiinterface.o" -mcpu=cortex-a9 -mfpu=vfpv3 -mfloat-abi=hard -I../../ElectricGoKart_bsp/ps7_cortexa9_0/include -MMD -MP -MF"src/axiinterface.d" -MT"src/axiinterface.o" -o "src/axiinterface.o" "../src/axiinterface.c"
In file included from ../src/axiinterface.h:14:0,
                 from ../src/axiinterface.c:8:
../src/axiinterface.c: In function 'readPosition':
../../ElectricGoKart_bsp/ps7_cortexa9_0/include/Encoder_Driver.h:55:5: warning: implicit declaration of function 'Xil_In32' [-Wimplicit-function-declaration]
     Xil_In32((BaseAddress) + (RegOffset))
     ^
../src/axiinterface.c:15:12: note: in expansion of macro 'ENCODER_DRIVER_mReadReg'
  raw_pos = ENCODER_DRIVER_mReadReg(ENCODER_DRIVER_ADDR, ENCODER_DRIVER_S00_AXI_SLV_REG0_OFFSET);
            ^~~~~~~~~~~~~~~~~~~~~~~
../src/axiinterface.c:15:10: warning: assignment makes pointer from integer without a cast [-Wint-conversion]
  raw_pos = ENCODER_DRIVER_mReadReg(ENCODER_DRIVER_ADDR, ENCODER_DRIVER_S00_AXI_SLV_REG0_OFFSET);
          ^
Finished building: ../src/axiinterface.c
 
Building target: ElectricGoKart.elf
Invoking: ARM v7 gcc linker
arm-none-eabi-gcc -mcpu=cortex-a9 -mfpu=vfpv3 -mfloat-abi=hard -Wl,-build-id=none -specs=Xilinx.spec -Wl,-T -Wl,../src/lscript.ld -L../../ElectricGoKart_bsp/ps7_cortexa9_0/lib -o "ElectricGoKart.elf"  ./src/axiinterface.o ./src/main.o ./src/platform.o   -Wl,--start-group,-lxil,-lgcc,-lc,--end-group
./src/axiinterface.o: In function `readPosition':
/home/sebastian/Desktop/Git/SDU/ElectricGoKart/Software/ElectricGoKart/ElectricGoKart.sdk/ElectricGoKart/Debug/../src/axiinterface.c:15: undefined reference to `Xil_In32'
collect2: error: ld returned 1 exit status
make: *** [makefile:41: ElectricGoKart.elf] Error 1
15:30:59 **** Auto Build of configuration Debug for project ElectricGoKart ****
make pre-build main-build 
a9-linaro-pre-build-step
 
Building file: ../src/axiinterface.c
Invoking: ARM v7 gcc compiler
arm-none-eabi-gcc -Wall -O0 -g3 -c -fmessage-length=0 -MT"src/axiinterface.o" -mcpu=cortex-a9 -mfpu=vfpv3 -mfloat-abi=hard -I../../ElectricGoKart_bsp/ps7_cortexa9_0/include -MMD -MP -MF"src/axiinterface.d" -MT"src/axiinterface.o" -o "src/axiinterface.o" "../src/axiinterface.c"
In file included from ../src/axiinterface.h:14:0,
                 from ../src/axiinterface.c:8:
../src/axiinterface.c: In function 'readPosition':
../../ElectricGoKart_bsp/ps7_cortexa9_0/include/Encoder_Driver.h:55:5: warning: implicit declaration of function 'Xil_In32' [-Wimplicit-function-declaration]
     Xil_In32((BaseAddress) + (RegOffset))
     ^
../src/axiinterface.c:15:12: note: in expansion of macro 'ENCODER_DRIVER_mReadReg'
  raw_pos = ENCODER_DRIVER_mReadReg(ENCODER_DRIVER_ADDR, ENCODER_DRIVER_S00_AXI_SLV_REG0_OFFSET);
            ^~~~~~~~~~~~~~~~~~~~~~~
../src/axiinterface.c:15:10: warning: assignment makes pointer from integer without a cast [-Wint-conversion]
  raw_pos = ENCODER_DRIVER_mReadReg(ENCODER_DRIVER_ADDR, ENCODER_DRIVER_S00_AXI_SLV_REG0_OFFSET);
          ^
../src/axiinterface.c: At top level:
../src/axiinterface.c:22:20: error: unknown type name 'ocvvalues_t'; did you mean 'ocrvalues_t'?
 void setDutyCycles(ocvvalues_t ocvs) {
                    ^~~~~~~~~~~
                    ocrvalues_t
make: *** [src/subdir.mk:29: src/axiinterface.o] Error 1
15:31:11 **** Auto Build of configuration Debug for project ElectricGoKart ****
make pre-build main-build 
a9-linaro-pre-build-step
 
Building file: ../src/axiinterface.c
Invoking: ARM v7 gcc compiler
arm-none-eabi-gcc -Wall -O0 -g3 -c -fmessage-length=0 -MT"src/axiinterface.o" -mcpu=cortex-a9 -mfpu=vfpv3 -mfloat-abi=hard -I../../ElectricGoKart_bsp/ps7_cortexa9_0/include -MMD -MP -MF"src/axiinterface.d" -MT"src/axiinterface.o" -o "src/axiinterface.o" "../src/axiinterface.c"
In file included from ../src/axiinterface.c:8:0:
../src/axiinterface.h:45:20: error: unknown type name 'ocvvalues_t'; did you mean 'ocrvalues_t'?
 void setDutyCycles(ocvvalues_t ocvs);
                    ^~~~~~~~~~~
                    ocrvalues_t
In file included from ../src/axiinterface.h:14:0,
                 from ../src/axiinterface.c:8:
../src/axiinterface.c: In function 'readPosition':
../../ElectricGoKart_bsp/ps7_cortexa9_0/include/Encoder_Driver.h:55:5: warning: implicit declaration of function 'Xil_In32' [-Wimplicit-function-declaration]
     Xil_In32((BaseAddress) + (RegOffset))
     ^
../src/axiinterface.c:15:12: note: in expansion of macro 'ENCODER_DRIVER_mReadReg'
  raw_pos = ENCODER_DRIVER_mReadReg(ENCODER_DRIVER_ADDR, ENCODER_DRIVER_S00_AXI_SLV_REG0_OFFSET);
            ^~~~~~~~~~~~~~~~~~~~~~~
../src/axiinterface.c:15:10: warning: assignment makes pointer from integer without a cast [-Wint-conversion]
  raw_pos = ENCODER_DRIVER_mReadReg(ENCODER_DRIVER_ADDR, ENCODER_DRIVER_S00_AXI_SLV_REG0_OFFSET);
          ^
../src/axiinterface.c: At top level:
../src/axiinterface.c:22:20: error: unknown type name 'ocvvalues_t'; did you mean 'ocrvalues_t'?
 void setDutyCycles(ocvvalues_t ocvs) {
                    ^~~~~~~~~~~
                    ocrvalues_t
make: *** [src/subdir.mk:29: src/axiinterface.o] Error 1
15:31:16 **** Auto Build of configuration Debug for project ElectricGoKart ****
make pre-build main-build 
a9-linaro-pre-build-step
 
Building file: ../src/axiinterface.c
Invoking: ARM v7 gcc compiler
arm-none-eabi-gcc -Wall -O0 -g3 -c -fmessage-length=0 -MT"src/axiinterface.o" -mcpu=cortex-a9 -mfpu=vfpv3 -mfloat-abi=hard -I../../ElectricGoKart_bsp/ps7_cortexa9_0/include -MMD -MP -MF"src/axiinterface.d" -MT"src/axiinterface.o" -o "src/axiinterface.o" "../src/axiinterface.c"
In file included from ../src/axiinterface.c:8:0:
../src/axiinterface.h:45:20: error: unknown type name 'ocvvalues_t'; did you mean 'ocrvalues_t'?
 void setDutyCycles(ocvvalues_t ocvs);
                    ^~~~~~~~~~~
                    ocrvalues_t
In file included from ../src/axiinterface.h:14:0,
                 from ../src/axiinterface.c:8:
../src/axiinterface.c: In function 'readPosition':
../../ElectricGoKart_bsp/ps7_cortexa9_0/include/Encoder_Driver.h:55:5: warning: implicit declaration of function 'Xil_In32' [-Wimplicit-function-declaration]
     Xil_In32((BaseAddress) + (RegOffset))
     ^
../src/axiinterface.c:15:12: note: in expansion of macro 'ENCODER_DRIVER_mReadReg'
  raw_pos = ENCODER_DRIVER_mReadReg(ENCODER_DRIVER_ADDR, ENCODER_DRIVER_S00_AXI_SLV_REG0_OFFSET);
            ^~~~~~~~~~~~~~~~~~~~~~~
../src/axiinterface.c:15:10: warning: assignment makes pointer from integer without a cast [-Wint-conversion]
  raw_pos = ENCODER_DRIVER_mReadReg(ENCODER_DRIVER_ADDR, ENCODER_DRIVER_S00_AXI_SLV_REG0_OFFSET);
          ^
../src/axiinterface.c: At top level:
../src/axiinterface.c:22:20: error: unknown type name 'ocvvalues_t'; did you mean 'ocrvalues_t'?
 void setDutyCycles(ocvvalues_t ocvs) {
                    ^~~~~~~~~~~
                    ocrvalues_t
make: *** [src/subdir.mk:29: src/axiinterface.o] Error 1
15:31:19 **** Auto Build of configuration Debug for project ElectricGoKart ****
make pre-build main-build 
a9-linaro-pre-build-step
 
Building file: ../src/axiinterface.c
Invoking: ARM v7 gcc compiler
arm-none-eabi-gcc -Wall -O0 -g3 -c -fmessage-length=0 -MT"src/axiinterface.o" -mcpu=cortex-a9 -mfpu=vfpv3 -mfloat-abi=hard -I../../ElectricGoKart_bsp/ps7_cortexa9_0/include -MMD -MP -MF"src/axiinterface.d" -MT"src/axiinterface.o" -o "src/axiinterface.o" "../src/axiinterface.c"
In file included from ../src/axiinterface.h:14:0,
                 from ../src/axiinterface.c:8:
../src/axiinterface.c: In function 'readPosition':
../../ElectricGoKart_bsp/ps7_cortexa9_0/include/Encoder_Driver.h:55:5: warning: implicit declaration of function 'Xil_In32' [-Wimplicit-function-declaration]
     Xil_In32((BaseAddress) + (RegOffset))
     ^
../src/axiinterface.c:15:12: note: in expansion of macro 'ENCODER_DRIVER_mReadReg'
  raw_pos = ENCODER_DRIVER_mReadReg(ENCODER_DRIVER_ADDR, ENCODER_DRIVER_S00_AXI_SLV_REG0_OFFSET);
            ^~~~~~~~~~~~~~~~~~~~~~~
../src/axiinterface.c:15:10: warning: assignment makes pointer from integer without a cast [-Wint-conversion]
  raw_pos = ENCODER_DRIVER_mReadReg(ENCODER_DRIVER_ADDR, ENCODER_DRIVER_S00_AXI_SLV_REG0_OFFSET);
          ^
Finished building: ../src/axiinterface.c
 
Building file: ../src/main.c
Invoking: ARM v7 gcc compiler
arm-none-eabi-gcc -Wall -O0 -g3 -c -fmessage-length=0 -MT"src/main.o" -mcpu=cortex-a9 -mfpu=vfpv3 -mfloat-abi=hard -I../../ElectricGoKart_bsp/ps7_cortexa9_0/include -MMD -MP -MF"src/main.d" -MT"src/main.o" -o "src/main.o" "../src/main.c"
Finished building: ../src/main.c
 
Building target: ElectricGoKart.elf
Invoking: ARM v7 gcc linker
arm-none-eabi-gcc -mcpu=cortex-a9 -mfpu=vfpv3 -mfloat-abi=hard -Wl,-build-id=none -specs=Xilinx.spec -Wl,-T -Wl,../src/lscript.ld -L../../ElectricGoKart_bsp/ps7_cortexa9_0/lib -o "ElectricGoKart.elf"  ./src/axiinterface.o ./src/main.o ./src/platform.o   -Wl,--start-group,-lxil,-lgcc,-lc,--end-group
./src/axiinterface.o: In function `readPosition':
/home/sebastian/Desktop/Git/SDU/ElectricGoKart/Software/ElectricGoKart/ElectricGoKart.sdk/ElectricGoKart/Debug/../src/axiinterface.c:15: undefined reference to `Xil_In32'
collect2: error: ld returned 1 exit status
make: *** [makefile:41: ElectricGoKart.elf] Error 1
15:32:23 **** Auto Build of configuration Debug for project ElectricGoKart ****
make pre-build main-build 
a9-linaro-pre-build-step
 
Building file: ../src/axiinterface.c
Invoking: ARM v7 gcc compiler
arm-none-eabi-gcc -Wall -O0 -g3 -c -fmessage-length=0 -MT"src/axiinterface.o" -mcpu=cortex-a9 -mfpu=vfpv3 -mfloat-abi=hard -I../../ElectricGoKart_bsp/ps7_cortexa9_0/include -MMD -MP -MF"src/axiinterface.d" -MT"src/axiinterface.o" -o "src/axiinterface.o" "../src/axiinterface.c"
In file included from ../src/axiinterface.h:14:0,
                 from ../src/axiinterface.c:8:
../src/axiinterface.c: In function 'readPosition':
../../ElectricGoKart_bsp/ps7_cortexa9_0/include/Encoder_Driver.h:55:5: warning: implicit declaration of function 'Xil_In32' [-Wimplicit-function-declaration]
     Xil_In32((BaseAddress) + (RegOffset))
     ^
../src/axiinterface.c:15:12: note: in expansion of macro 'ENCODER_DRIVER_mReadReg'
  raw_pos = ENCODER_DRIVER_mReadReg(ENCODER_DRIVER_ADDR, ENCODER_DRIVER_S00_AXI_SLV_REG0_OFFSET);
            ^~~~~~~~~~~~~~~~~~~~~~~
../src/axiinterface.c:15:10: warning: assignment makes pointer from integer without a cast [-Wint-conversion]
  raw_pos = ENCODER_DRIVER_mReadReg(ENCODER_DRIVER_ADDR, ENCODER_DRIVER_S00_AXI_SLV_REG0_OFFSET);
          ^
../src/axiinterface.c: In function 'rawToRads':
../src/axiinterface.c:19:15: error: 'pi' undeclared (first use in this function)
  pos_rad = (2*pi)/(255) * raw_pos
               ^~
../src/axiinterface.c:19:15: note: each undeclared identifier is reported only once for each function it appears in
../src/axiinterface.c:20:1: error: expected ';' before '}' token
 }
 ^
make: *** [src/subdir.mk:29: src/axiinterface.o] Error 1
15:32:31 **** Auto Build of configuration Debug for project ElectricGoKart ****
make pre-build main-build 
a9-linaro-pre-build-step
 
Building file: ../src/axiinterface.c
Invoking: ARM v7 gcc compiler
arm-none-eabi-gcc -Wall -O0 -g3 -c -fmessage-length=0 -MT"src/axiinterface.o" -mcpu=cortex-a9 -mfpu=vfpv3 -mfloat-abi=hard -I../../ElectricGoKart_bsp/ps7_cortexa9_0/include -MMD -MP -MF"src/axiinterface.d" -MT"src/axiinterface.o" -o "src/axiinterface.o" "../src/axiinterface.c"
In file included from ../src/axiinterface.h:14:0,
                 from ../src/axiinterface.c:8:
../src/axiinterface.c: In function 'readPosition':
../../ElectricGoKart_bsp/ps7_cortexa9_0/include/Encoder_Driver.h:55:5: warning: implicit declaration of function 'Xil_In32' [-Wimplicit-function-declaration]
     Xil_In32((BaseAddress) + (RegOffset))
     ^
../src/axiinterface.c:15:12: note: in expansion of macro 'ENCODER_DRIVER_mReadReg'
  raw_pos = ENCODER_DRIVER_mReadReg(&ENCODER_DRIVER_ADDR, ENCODER_DRIVER_S00_AXI_SLV_REG0_OFFSET);
            ^~~~~~~~~~~~~~~~~~~~~~~
../src/axiinterface.c:15:36: error: lvalue required as unary '&' operand
  raw_pos = ENCODER_DRIVER_mReadReg(&ENCODER_DRIVER_ADDR, ENCODER_DRIVER_S00_AXI_SLV_REG0_OFFSET);
                                    ^
../../ElectricGoKart_bsp/ps7_cortexa9_0/include/Encoder_Driver.h:55:15: note: in definition of macro 'ENCODER_DRIVER_mReadReg'
     Xil_In32((BaseAddress) + (RegOffset))
               ^~~~~~~~~~~
../src/axiinterface.c: In function 'rawToRads':
../src/axiinterface.c:19:15: error: 'pi' undeclared (first use in this function)
  pos_rad = (2*pi)/(255) * raw_pos
               ^~
../src/axiinterface.c:19:15: note: each undeclared identifier is reported only once for each function it appears in
../src/axiinterface.c:20:1: error: expected ';' before '}' token
 }
 ^
make: *** [src/subdir.mk:29: src/axiinterface.o] Error 1
15:32:37 **** Auto Build of configuration Debug for project ElectricGoKart ****
make pre-build main-build 
a9-linaro-pre-build-step
 
Building file: ../src/axiinterface.c
Invoking: ARM v7 gcc compiler
arm-none-eabi-gcc -Wall -O0 -g3 -c -fmessage-length=0 -MT"src/axiinterface.o" -mcpu=cortex-a9 -mfpu=vfpv3 -mfloat-abi=hard -I../../ElectricGoKart_bsp/ps7_cortexa9_0/include -MMD -MP -MF"src/axiinterface.d" -MT"src/axiinterface.o" -o "src/axiinterface.o" "../src/axiinterface.c"
In file included from ../src/axiinterface.h:14:0,
                 from ../src/axiinterface.c:8:
../src/axiinterface.c: In function 'readPosition':
../../ElectricGoKart_bsp/ps7_cortexa9_0/include/Encoder_Driver.h:55:5: warning: implicit declaration of function 'Xil_In32' [-Wimplicit-function-declaration]
     Xil_In32((BaseAddress) + (RegOffset))
     ^
../src/axiinterface.c:15:12: note: in expansion of macro 'ENCODER_DRIVER_mReadReg'
  raw_pos = ENCODER_DRIVER_mReadReg(ENCODER_DRIVER_ADDR, ENCODER_DRIVER_S00_AXI_SLV_REG0_OFFSET);
            ^~~~~~~~~~~~~~~~~~~~~~~
../src/axiinterface.c:15:10: warning: assignment makes pointer from integer without a cast [-Wint-conversion]
  raw_pos = ENCODER_DRIVER_mReadReg(ENCODER_DRIVER_ADDR, ENCODER_DRIVER_S00_AXI_SLV_REG0_OFFSET);
          ^
../src/axiinterface.c: In function 'rawToRads':
../src/axiinterface.c:19:15: error: 'pi' undeclared (first use in this function)
  pos_rad = (2*pi)/(255) * raw_pos
               ^~
../src/axiinterface.c:19:15: note: each undeclared identifier is reported only once for each function it appears in
../src/axiinterface.c:20:1: error: expected ';' before '}' token
 }
 ^
make: *** [src/subdir.mk:29: src/axiinterface.o] Error 1
15:32:49 **** Auto Build of configuration Debug for project ElectricGoKart ****
make pre-build main-build 
a9-linaro-pre-build-step
 
Building file: ../src/axiinterface.c
Invoking: ARM v7 gcc compiler
arm-none-eabi-gcc -Wall -O0 -g3 -c -fmessage-length=0 -MT"src/axiinterface.o" -mcpu=cortex-a9 -mfpu=vfpv3 -mfloat-abi=hard -I../../ElectricGoKart_bsp/ps7_cortexa9_0/include -MMD -MP -MF"src/axiinterface.d" -MT"src/axiinterface.o" -o "src/axiinterface.o" "../src/axiinterface.c"
In file included from ../src/axiinterface.h:14:0,
                 from ../src/axiinterface.c:8:
../src/axiinterface.c: In function 'readPosition':
../../ElectricGoKart_bsp/ps7_cortexa9_0/include/Encoder_Driver.h:55:5: warning: implicit declaration of function 'Xil_In32' [-Wimplicit-function-declaration]
     Xil_In32((BaseAddress) + (RegOffset))
     ^
../src/axiinterface.c:15:13: note: in expansion of macro 'ENCODER_DRIVER_mReadReg'
  *raw_pos = ENCODER_DRIVER_mReadReg(ENCODER_DRIVER_ADDR, ENCODER_DRIVER_S00_AXI_SLV_REG0_OFFSET);
             ^~~~~~~~~~~~~~~~~~~~~~~
[...]
     ^
../src/axiinterface.c:15:13: note: in expansion of macro 'ENCODER_DRIVER_mReadReg'
  *raw_pos = ENCODER_DRIVER_mReadReg(ENCODER_DRIVER_ADDR, ENCODER_DRIVER_S00_AXI_SLV_REG0_OFFSET);
             ^~~~~~~~~~~~~~~~~~~~~~~
../src/axiinterface.c: In function 'rawToRads':
../src/axiinterface.c:19:10: error: incompatible types when assigning to type 'LONG * {aka long int *}' from type 'double'
  pos_rad = (2*PI)/(255) * raw_pos
          ^
../src/axiinterface.c:20:1: error: expected ';' before '}' token
 }
 ^
make: *** [src/subdir.mk:29: src/axiinterface.o] Error 1
15:35:11 **** Auto Build of configuration Debug for project ElectricGoKart ****
make pre-build main-build 
a9-linaro-pre-build-step
 
Building file: ../src/axiinterface.c
Invoking: ARM v7 gcc compiler
arm-none-eabi-gcc -Wall -O0 -g3 -c -fmessage-length=0 -MT"src/axiinterface.o" -mcpu=cortex-a9 -mfpu=vfpv3 -mfloat-abi=hard -I../../ElectricGoKart_bsp/ps7_cortexa9_0/include -MMD -MP -MF"src/axiinterface.d" -MT"src/axiinterface.o" -o "src/axiinterface.o" "../src/axiinterface.c"
In file included from ../src/axiinterface.h:14:0,
                 from ../src/axiinterface.c:8:
../src/axiinterface.c: In function 'readPosition':
../../ElectricGoKart_bsp/ps7_cortexa9_0/include/Encoder_Driver.h:55:5: warning: implicit declaration of function 'Xil_In32' [-Wimplicit-function-declaration]
     Xil_In32((BaseAddress) + (RegOffset))
     ^
../src/axiinterface.c:15:13: note: in expansion of macro 'ENCODER_DRIVER_mReadReg'
  *raw_pos = ENCODER_DRIVER_mReadReg(ENCODER_DRIVER_ADDR, ENCODER_DRIVER_S00_AXI_SLV_REG0_OFFSET);
             ^~~~~~~~~~~~~~~~~~~~~~~
../src/axiinterface.c: In function 'rawToRads':
../src/axiinterface.c:19:10: warning: assignment makes pointer from integer without a cast [-Wint-conversion]
  pos_rad = (LONG)(2*PI)/(255) * raw_pos
          ^
../src/axiinterface.c:20:1: error: expected ';' before '}' token
 }
 ^
make: *** [src/subdir.mk:29: src/axiinterface.o] Error 1
15:35:21 **** Auto Build of configuration Debug for project ElectricGoKart ****
make pre-build main-build 
a9-linaro-pre-build-step
 
Building file: ../src/axiinterface.c
Invoking: ARM v7 gcc compiler
arm-none-eabi-gcc -Wall -O0 -g3 -c -fmessage-length=0 -MT"src/axiinterface.o" -mcpu=cortex-a9 -mfpu=vfpv3 -mfloat-abi=hard -I../../ElectricGoKart_bsp/ps7_cortexa9_0/include -MMD -MP -MF"src/axiinterface.d" -MT"src/axiinterface.o" -o "src/axiinterface.o" "../src/axiinterface.c"
In file included from ../src/axiinterface.h:14:0,
                 from ../src/axiinterface.c:8:
../src/axiinterface.c: In function 'readPosition':
../../ElectricGoKart_bsp/ps7_cortexa9_0/include/Encoder_Driver.h:55:5: warning: implicit declaration of function 'Xil_In32' [-Wimplicit-function-declaration]
     Xil_In32((BaseAddress) + (RegOffset))
     ^
../src/axiinterface.c:15:12: note: in expansion of macro 'ENCODER_DRIVER_mReadReg'
  raw_pos = ENCODER_DRIVER_mReadReg(ENCODER_DRIVER_ADDR, ENCODER_DRIVER_S00_AXI_SLV_REG0_OFFSET);
            ^~~~~~~~~~~~~~~~~~~~~~~
../src/axiinterface.c:15:10: warning: assignment makes pointer from integer without a cast [-Wint-conversion]
  raw_pos = ENCODER_DRIVER_mReadReg(ENCODER_DRIVER_ADDR, ENCODER_DRIVER_S00_AXI_SLV_REG0_OFFSET);
          ^
../src/axiinterface.c: In function 'rawToRads':
../src/axiinterface.c:19:10: warning: assignment makes pointer from integer without a cast [-Wint-conversion]
  pos_rad = (LONG)(2*PI)/(255) * raw_pos
          ^
../src/axiinterface.c:20:1: error: expected ';' before '}' token
 }
 ^
make: *** [src/subdir.mk:29: src/axiinterface.o] Error 1
15:35:40 **** Auto Build of configuration Debug for project ElectricGoKart ****
make pre-build main-build 
a9-linaro-pre-build-step
 
Building file: ../src/axiinterface.c
Invoking: ARM v7 gcc compiler
arm-none-eabi-gcc -Wall -O0 -g3 -c -fmessage-length=0 -MT"src/axiinterface.o" -mcpu=cortex-a9 -mfpu=vfpv3 -mfloat-abi=hard -I../../ElectricGoKart_bsp/ps7_cortexa9_0/include -MMD -MP -MF"src/axiinterface.d" -MT"src/axiinterface.o" -o "src/axiinterface.o" "../src/axiinterface.c"
In file included from ../src/axiinterface.h:14:0,
                 from ../src/axiinterface.c:8:
../src/axiinterface.c: In function 'readPosition':
../../ElectricGoKart_bsp/ps7_cortexa9_0/include/Encoder_Driver.h:55:5: warning: implicit declaration of function 'Xil_In32' [-Wimplicit-function-declaration]
     Xil_In32((BaseAddress) + (RegOffset))
     ^
../src/axiinterface.c:15:12: note: in expansion of macro 'ENCODER_DRIVER_mReadReg'
  raw_pos = ENCODER_DRIVER_mReadReg(ENCODER_DRIVER_ADDR, ENCODER_DRIVER_S00_AXI_SLV_REG0_OFFSET);
            ^~~~~~~~~~~~~~~~~~~~~~~
../src/axiinterface.c:15:10: warning: assignment makes pointer from integer without a cast [-Wint-conversion]
  raw_pos = ENCODER_DRIVER_mReadReg(ENCODER_DRIVER_ADDR, ENCODER_DRIVER_S00_AXI_SLV_REG0_OFFSET);
          ^
../src/axiinterface.c: In function 'rawToRads':
../src/axiinterface.c:19:10: warning: assignment makes pointer from integer without a cast [-Wint-conversion]
  pos_rad = (LONG)(2*PI)/(255) * raw_pos;
          ^
Finished building: ../src/axiinterface.c
 
Building file: ../src/main.c
Invoking: ARM v7 gcc compiler
arm-none-eabi-gcc -Wall -O0 -g3 -c -fmessage-length=0 -MT"src/main.o" -mcpu=cortex-a9 -mfpu=vfpv3 -mfloat-abi=hard -I../../ElectricGoKart_bsp/ps7_cortexa9_0/include -MMD -MP -MF"src/main.d" -MT"src/main.o" -o "src/main.o" "../src/main.c"
Finished building: ../src/main.c
 
Building target: ElectricGoKart.elf
Invoking: ARM v7 gcc linker
arm-none-eabi-gcc -mcpu=cortex-a9 -mfpu=vfpv3 -mfloat-abi=hard -Wl,-build-id=none -specs=Xilinx.spec -Wl,-T -Wl,../src/lscript.ld -L../../ElectricGoKart_bsp/ps7_cortexa9_0/lib -o "ElectricGoKart.elf"  ./src/axiinterface.o ./src/main.o ./src/platform.o   -Wl,--start-group,-lxil,-lgcc,-lc,--end-group
./src/axiinterface.o: In function `readPosition':
/home/sebastian/Desktop/Git/SDU/ElectricGoKart/Software/ElectricGoKart/ElectricGoKart.sdk/ElectricGoKart/Debug/../src/axiinterface.c:15: undefined reference to `Xil_In32'
collect2: error: ld returned 1 exit status
make: *** [makefile:41: ElectricGoKart.elf] Error 1
15:36:45 **** Auto Build of configuration Debug for project ElectricGoKart ****
make pre-build main-build 
a9-linaro-pre-build-step
 
Building file: ../src/axiinterface.c
Invoking: ARM v7 gcc compiler
arm-none-eabi-gcc -Wall -O0 -g3 -c -fmessage-length=0 -MT"src/axiinterface.o" -mcpu=cortex-a9 -mfpu=vfpv3 -mfloat-abi=hard -I../../ElectricGoKart_bsp/ps7_cortexa9_0/include -MMD -MP -MF"src/axiinterface.d" -MT"src/axiinterface.o" -o "src/axiinterface.o" "../src/axiinterface.c"
In file included from ../src/axiinterface.h:14:0,
                 from ../src/axiinterface.c:8:
../src/axiinterface.c: In function 'readPosition':
../../ElectricGoKart_bsp/ps7_cortexa9_0/include/Encoder_Driver.h:55:5: warning: implicit declaration of function 'Xil_In32' [-Wimplicit-function-declaration]
     Xil_In32((BaseAddress) + (RegOffset))
     ^
../src/axiinterface.c:15:13: note: in expansion of macro 'ENCODER_DRIVER_mReadReg'
  *raw_pos = ENCODER_DRIVER_mReadReg(ENCODER_DRIVER_ADDR, ENCODER_DRIVER_S00_AXI_SLV_REG0_OFFSET);
             ^~~~~~~~~~~~~~~~~~~~~~~
Finished building: ../src/axiinterface.c
 
Building target: ElectricGoKart.elf
Invoking: ARM v7 gcc linker
arm-none-eabi-gcc -mcpu=cortex-a9 -mfpu=vfpv3 -mfloat-abi=hard -Wl,-build-id=none -specs=Xilinx.spec -Wl,-T -Wl,../src/lscript.ld -L../../ElectricGoKart_bsp/ps7_cortexa9_0/lib -o "ElectricGoKart.elf"  ./src/axiinterface.o ./src/main.o ./src/platform.o   -Wl,--start-group,-lxil,-lgcc,-lc,--end-group
./src/axiinterface.o: In function `readPosition':
/home/sebastian/Desktop/Git/SDU/ElectricGoKart/Software/ElectricGoKart/ElectricGoKart.sdk/ElectricGoKart/Debug/../src/axiinterface.c:15: undefined reference to `Xil_In32'
collect2: error: ld returned 1 exit status
make: *** [makefile:41: ElectricGoKart.elf] Error 1
15:37:18 **** Auto Build of configuration Debug for project ElectricGoKart ****
make pre-build main-build 
a9-linaro-pre-build-step
 
Building file: ../src/axiinterface.c
Invoking: ARM v7 gcc compiler
arm-none-eabi-gcc -Wall -O0 -g3 -c -fmessage-length=0 -MT"src/axiinterface.o" -mcpu=cortex-a9 -mfpu=vfpv3 -mfloat-abi=hard -I../../ElectricGoKart_bsp/ps7_cortexa9_0/include -MMD -MP -MF"src/axiinterface.d" -MT"src/axiinterface.o" -o "src/axiinterface.o" "../src/axiinterface.c"
Finished building: ../src/axiinterface.c
 
Building file: ../src/main.c
Invoking: ARM v7 gcc compiler
arm-none-eabi-gcc -Wall -O0 -g3 -c -fmessage-length=0 -MT"src/main.o" -mcpu=cortex-a9 -mfpu=vfpv3 -mfloat-abi=hard -I../../ElectricGoKart_bsp/ps7_cortexa9_0/include -MMD -MP -MF"src/main.d" -MT"src/main.o" -o "src/main.o" "../src/main.c"
Finished building: ../src/main.c
 
Building target: ElectricGoKart.elf
Invoking: ARM v7 gcc linker
arm-none-eabi-gcc -mcpu=cortex-a9 -mfpu=vfpv3 -mfloat-abi=hard -Wl,-build-id=none -specs=Xilinx.spec -Wl,-T -Wl,../src/lscript.ld -L../../ElectricGoKart_bsp/ps7_cortexa9_0/lib -o "ElectricGoKart.elf"  ./src/axiinterface.o ./src/main.o ./src/platform.o   -Wl,--start-group,-lxil,-lgcc,-lc,--end-group
Finished building target: ElectricGoKart.elf
 
Invoking: ARM v7 Print Size
arm-none-eabi-size ElectricGoKart.elf  |tee "ElectricGoKart.elf.size"
   text	   data	    bss	    dec	    hex	filename
  19308	   1144	  22568	  43020	   a80c	ElectricGoKart.elf
Finished building: ElectricGoKart.elf.size
 
15:39:13 **** Auto Build of configuration Debug for project ElectricGoKart ****
make pre-build main-build 
a9-linaro-pre-build-step
 
Building file: ../src/axiinterface.c
Invoking: ARM v7 gcc compiler
arm-none-eabi-gcc -Wall -O0 -g3 -c -fmessage-length=0 -MT"src/axiinterface.o" -mcpu=cortex-a9 -mfpu=vfpv3 -mfloat-abi=hard -I../../ElectricGoKart_bsp/ps7_cortexa9_0/include -MMD -MP -MF"src/axiinterface.d" -MT"src/axiinterface.o" -o "src/axiinterface.o" "../src/axiinterface.c"
In file included from ../src/axiinterface.h:15:0,
                 from ../src/axiinterface.c:8:
../src/axiinterface.c: In function 'readPosition':
../src/axiinterface.c:15:37: error: 'ENCODER_DRIVER_ADDR' undeclared (first use in this function); did you mean 'ENCODER_DRIVER_BASEADDR'?
  *raw_pos = ENCODER_DRIVER_mReadReg(ENCODER_DRIVER_ADDR, ENCODER_DRIVER_S00_AXI_SLV_REG0_OFFSET);
                                     ^
../../ElectricGoKart_bsp/ps7_cortexa9_0/include/Encoder_Driver.h:55:15: note: in definition of macro 'ENCODER_DRIVER_mReadReg'
     Xil_In32((BaseAddress) + (RegOffset))
               ^~~~~~~~~~~
../src/axiinterface.c:15:37: note: each undeclared identifier is reported only once for each function it appears in
  *raw_pos = ENCODER_DRIVER_mReadReg(ENCODER_DRIVER_ADDR, ENCODER_DRIVER_S00_AXI_SLV_REG0_OFFSET);
                                     ^
../../ElectricGoKart_bsp/ps7_cortexa9_0/include/Encoder_Driver.h:55:15: note: in definition of macro 'ENCODER_DRIVER_mReadReg'
     Xil_In32((BaseAddress) + (RegOffset))
               ^~~~~~~~~~~
make: *** [src/subdir.mk:29: src/axiinterface.o] Error 1
15:39:21 **** Auto Build of configuration Debug for project ElectricGoKart ****
make pre-build main-build 
a9-linaro-pre-build-step
 
Building file: ../src/axiinterface.c
Invoking: ARM v7 gcc compiler
arm-none-eabi-gcc -Wall -O0 -g3 -c -fmessage-length=0 -MT"src/axiinterface.o" -mcpu=cortex-a9 -mfpu=vfpv3 -mfloat-abi=hard -I../../ElectricGoKart_bsp/ps7_cortexa9_0/include -MMD -MP -MF"src/axiinterface.d" -MT"src/axiinterface.o" -o "src/axiinterface.o" "../src/axiinterface.c"
Finished building: ../src/axiinterface.c
 
Building file: ../src/main.c
Invoking: ARM v7 gcc compiler
arm-none-eabi-gcc -Wall -O0 -g3 -c -fmessage-length=0 -MT"src/main.o" -mcpu=cortex-a9 -mfpu=vfpv3 -mfloat-abi=hard -I../../ElectricGoKart_bsp/ps7_cortexa9_0/include -MMD -MP -MF"src/main.d" -MT"src/main.o" -o "src/main.o" "../src/main.c"
Finished building: ../src/main.c
 
Building target: ElectricGoKart.elf
Invoking: ARM v7 gcc linker
arm-none-eabi-gcc -mcpu=cortex-a9 -mfpu=vfpv3 -mfloat-abi=hard -Wl,-build-id=none -specs=Xilinx.spec -Wl,-T -Wl,../src/lscript.ld -L../../ElectricGoKart_bsp/ps7_cortexa9_0/lib -o "ElectricGoKart.elf"  ./src/axiinterface.o ./src/main.o ./src/platform.o   -Wl,--start-group,-lxil,-lgcc,-lc,--end-group
Finished building target: ElectricGoKart.elf
 
Invoking: ARM v7 Print Size
arm-none-eabi-size ElectricGoKart.elf  |tee "ElectricGoKart.elf.size"
   text	   data	    bss	    dec	    hex	filename
  19380	   1144	  22568	  43092	   a854	ElectricGoKart.elf
Finished building: ElectricGoKart.elf.size
 
15:39:37 **** Auto Build of configuration Debug for project ElectricGoKart ****
make pre-build main-build 
a9-linaro-pre-build-step
 
Building file: ../src/axiinterface.c
Invoking: ARM v7 gcc compiler
arm-none-eabi-gcc -Wall -O0 -g3 -c -fmessage-length=0 -MT"src/axiinterface.o" -mcpu=cortex-a9 -mfpu=vfpv3 -mfloat-abi=hard -I../../ElectricGoKart_bsp/ps7_cortexa9_0/include -MMD -MP -MF"src/axiinterface.d" -MT"src/axiinterface.o" -o "src/axiinterface.o" "../src/axiinterface.c"
Finished building: ../src/axiinterface.c
 
Building target: ElectricGoKart.elf
Invoking: ARM v7 gcc linker
arm-none-eabi-gcc -mcpu=cortex-a9 -mfpu=vfpv3 -mfloat-abi=hard -Wl,-build-id=none -specs=Xilinx.spec -Wl,-T -Wl,../src/lscript.ld -L../../ElectricGoKart_bsp/ps7_cortexa9_0/lib -o "ElectricGoKart.elf"  ./src/axiinterface.o ./src/main.o ./src/platform.o   -Wl,--start-group,-lxil,-lgcc,-lc,--end-group
Finished building target: ElectricGoKart.elf
 
Invoking: ARM v7 Print Size
arm-none-eabi-size ElectricGoKart.elf  |tee "ElectricGoKart.elf.size"
   text	   data	    bss	    dec	    hex	filename
  19420	   1144	  22568	  43132	   a87c	ElectricGoKart.elf
Finished building: ElectricGoKart.elf.size
 
15:40:09 **** Auto Build of configuration Debug for project ElectricGoKart ****
make pre-build main-build 
a9-linaro-pre-build-step
 
Building file: ../src/axiinterface.c
Invoking: ARM v7 gcc compiler
arm-none-eabi-gcc -Wall -O0 -g3 -c -fmessage-length=0 -MT"src/axiinterface.o" -mcpu=cortex-a9 -mfpu=vfpv3 -mfloat-abi=hard -I../../ElectricGoKart_bsp/ps7_cortexa9_0/include -MMD -MP -MF"src/axiinterface.d" -MT"src/axiinterface.o" -o "src/axiinterface.o" "../src/axiinterface.c"
Finished building: ../src/axiinterface.c
 
Building target: ElectricGoKart.elf
Invoking: ARM v7 gcc linker
arm-none-eabi-gcc -mcpu=cortex-a9 -mfpu=vfpv3 -mfloat-abi=hard -Wl,-build-id=none -specs=Xilinx.spec -Wl,-T -Wl,../src/lscript.ld -L../../ElectricGoKart_bsp/ps7_cortexa9_0/lib -o "ElectricGoKart.elf"  ./src/axiinterface.o ./src/main.o ./src/platform.o   -Wl,--start-group,-lxil,-lgcc,-lc,--end-group
Finished building target: ElectricGoKart.elf
 
Invoking: ARM v7 Print Size
arm-none-eabi-size ElectricGoKart.elf  |tee "ElectricGoKart.elf.size"
   text	   data	    bss	    dec	    hex	filename
  19420	   1144	  22568	  43132	   a87c	ElectricGoKart.elf
Finished building: ElectricGoKart.elf.size
 
15:40:47 **** Auto Build of configuration Debug for project ElectricGoKart ****
make pre-build main-build 
a9-linaro-pre-build-step
 
Building file: ../src/axiinterface.c
Invoking: ARM v7 gcc compiler
arm-none-eabi-gcc -Wall -O0 -g3 -c -fmessage-length=0 -MT"src/axiinterface.o" -mcpu=cortex-a9 -mfpu=vfpv3 -mfloat-abi=hard -I../../ElectricGoKart_bsp/ps7_cortexa9_0/include -MMD -MP -MF"src/axiinterface.d" -MT"src/axiinterface.o" -o "src/axiinterface.o" "../src/axiinterface.c"
Finished building: ../src/axiinterface.c
 
Building target: ElectricGoKart.elf
Invoking: ARM v7 gcc linker
arm-none-eabi-gcc -mcpu=cortex-a9 -mfpu=vfpv3 -mfloat-abi=hard -Wl,-build-id=none -specs=Xilinx.spec -Wl,-T -Wl,../src/lscript.ld -L../../ElectricGoKart_bsp/ps7_cortexa9_0/lib -o "ElectricGoKart.elf"  ./src/axiinterface.o ./src/main.o ./src/platform.o   -Wl,--start-group,-lxil,-lgcc,-lc,--end-group
Finished building target: ElectricGoKart.elf
 
Invoking: ARM v7 Print Size
arm-none-eabi-size ElectricGoKart.elf  |tee "ElectricGoKart.elf.size"
   text	   data	    bss	    dec	    hex	filename
  19456	   1144	  22568	  43168	   a8a0	ElectricGoKart.elf
Finished building: ElectricGoKart.elf.size
 
15:41:09 **** Auto Build of configuration Debug for project ElectricGoKart ****
make pre-build main-build 
a9-linaro-pre-build-step
 
Building file: ../src/axiinterface.c
Invoking: ARM v7 gcc compiler
arm-none-eabi-gcc -Wall -O0 -g3 -c -fmessage-length=0 -MT"src/axiinterface.o" -mcpu=cortex-a9 -mfpu=vfpv3 -mfloat-abi=hard -I../../ElectricGoKart_bsp/ps7_cortexa9_0/include -MMD -MP -MF"src/axiinterface.d" -MT"src/axiinterface.o" -o "src/axiinterface.o" "../src/axiinterface.c"
Finished building: ../src/axiinterface.c
 
Building file: ../src/main.c
Invoking: ARM v7 gcc compiler
arm-none-eabi-gcc -Wall -O0 -g3 -c -fmessage-length=0 -MT"src/main.o" -mcpu=cortex-a9 -mfpu=vfpv3 -mfloat-abi=hard -I../../ElectricGoKart_bsp/ps7_cortexa9_0/include -MMD -MP -MF"src/main.d" -MT"src/main.o" -o "src/main.o" "../src/main.c"
Finished building: ../src/main.c
 
Building target: ElectricGoKart.elf
Invoking: ARM v7 gcc linker
arm-none-eabi-gcc -mcpu=cortex-a9 -mfpu=vfpv3 -mfloat-abi=hard -Wl,-build-id=none -specs=Xilinx.spec -Wl,-T -Wl,../src/lscript.ld -L../../ElectricGoKart_bsp/ps7_cortexa9_0/lib -o "ElectricGoKart.elf"  ./src/axiinterface.o ./src/main.o ./src/platform.o   -Wl,--start-group,-lxil,-lgcc,-lc,--end-group
Finished building target: ElectricGoKart.elf
 
Invoking: ARM v7 Print Size
arm-none-eabi-size ElectricGoKart.elf  |tee "ElectricGoKart.elf.size"
   text	   data	    bss	    dec	    hex	filename
  19456	   1144	  22568	  43168	   a8a0	ElectricGoKart.elf
Finished building: ElectricGoKart.elf.size
 
15:41:23 **** Auto Build of configuration Debug for project ElectricGoKart ****
make pre-build main-build 
a9-linaro-pre-build-step
 
Building file: ../src/axiinterface.c
Invoking: ARM v7 gcc compiler
arm-none-eabi-gcc -Wall -O0 -g3 -c -fmessage-length=0 -MT"src/axiinterface.o" -mcpu=cortex-a9 -mfpu=vfpv3 -mfloat-abi=hard -I../../ElectricGoKart_bsp/ps7_cortexa9_0/include -MMD -MP -MF"src/axiinterface.d" -MT"src/axiinterface.o" -o "src/axiinterface.o" "../src/axiinterface.c"
../src/axiinterface.c:22:6: error: conflicting types for 'setDutyCycles'
 void setDutyCycles(ocvvalues_t *ocvs) {
      ^~~~~~~~~~~~~
In file included from ../src/axiinterface.c:8:0:
../src/axiinterface.h:48:6: note: previous declaration of 'setDutyCycles' was here
 void setDutyCycles(ocvvalues_t ocvs);
      ^~~~~~~~~~~~~
make: *** [src/subdir.mk:29: src/axiinterface.o] Error 1
15:41:26 **** Auto Build of configuration Debug for project ElectricGoKart ****
make pre-build main-build 
a9-linaro-pre-build-step
 
Building file: ../src/axiinterface.c
Invoking: ARM v7 gcc compiler
arm-none-eabi-gcc -Wall -O0 -g3 -c -fmessage-length=0 -MT"src/axiinterface.o" -mcpu=cortex-a9 -mfpu=vfpv3 -mfloat-abi=hard -I../../ElectricGoKart_bsp/ps7_cortexa9_0/include -MMD -MP -MF"src/axiinterface.d" -MT"src/axiinterface.o" -o "src/axiinterface.o" "../src/axiinterface.c"
Finished building: ../src/axiinterface.c
 
Building file: ../src/main.c
Invoking: ARM v7 gcc compiler
arm-none-eabi-gcc -Wall -O0 -g3 -c -fmessage-length=0 -MT"src/main.o" -mcpu=cortex-a9 -mfpu=vfpv3 -mfloat-abi=hard -I../../ElectricGoKart_bsp/ps7_cortexa9_0/include -MMD -MP -MF"src/main.d" -MT"src/main.o" -o "src/main.o" "../src/main.c"
Finished building: ../src/main.c
 
Building target: ElectricGoKart.elf
Invoking: ARM v7 gcc linker
arm-none-eabi-gcc -mcpu=cortex-a9 -mfpu=vfpv3 -mfloat-abi=hard -Wl,-build-id=none -specs=Xilinx.spec -Wl,-T -Wl,../src/lscript.ld -L../../ElectricGoKart_bsp/ps7_cortexa9_0/lib -o "ElectricGoKart.elf"  ./src/axiinterface.o ./src/main.o ./src/platform.o   -Wl,--start-group,-lxil,-lgcc,-lc,--end-group
Finished building target: ElectricGoKart.elf
 
Invoking: ARM v7 Print Size
arm-none-eabi-size ElectricGoKart.elf  |tee "ElectricGoKart.elf.size"
   text	   data	    bss	    dec	    hex	filename
  19464	   1144	  22568	  43176	   a8a8	ElectricGoKart.elf
Finished building: ElectricGoKart.elf.size
 
